Component: ARM Compiler 5.06 update 5 (build 528) Tool: armlink [4d35e2]

==============================================================================

Section Cross References

    glcd_scroll.o(i.append_char) refers to glcd_scroll.o(i.refresh_lcd) for refresh_lcd
    glcd_scroll.o(i.append_char) refers to glcd_spi_lpc1700.o(i.GLCD_DisplayChar) for GLCD_DisplayChar
    glcd_scroll.o(i.append_char) refers to glcd_scroll.o(i.last_line) for last_line
    glcd_scroll.o(i.append_char) refers to glcd_scroll.o(.data) for last_col_cahche
    glcd_scroll.o(i.append_char) refers to glcd_scroll.o(.bss) for chache
    glcd_scroll.o(i.init_scroll) refers to glcd_spi_lpc1700.o(i.GLCD_Init) for GLCD_Init
    glcd_scroll.o(i.init_scroll) refers to glcd_spi_lpc1700.o(i.GLCD_Clear) for GLCD_Clear
    glcd_scroll.o(i.init_scroll) refers to glcd_spi_lpc1700.o(i.GLCD_SetBackColor) for GLCD_SetBackColor
    glcd_scroll.o(i.init_scroll) refers to glcd_spi_lpc1700.o(i.GLCD_SetTextColor) for GLCD_SetTextColor
    glcd_scroll.o(i.init_scroll) refers to glcd_scroll.o(.data) for cache_start
    glcd_scroll.o(i.joyStickBusyWaitingMonitor) refers to glcd_scroll.o(i.moveUp) for moveUp
    glcd_scroll.o(i.joyStickBusyWaitingMonitor) refers to glcd_scroll.o(i.moveDown) for moveDown
    glcd_scroll.o(i.joyStickBusyWaitingMonitor) refers to glcd_scroll.o(i.moveFirst) for moveFirst
    glcd_scroll.o(i.joyStickBusyWaitingMonitor) refers to glcd_scroll.o(i.moveLast) for moveLast
    glcd_scroll.o(i.last_line) refers to glcd_scroll.o(.data) for cache_start
    glcd_scroll.o(i.last_window_line) refers to glcd_scroll.o(.data) for window_start
    glcd_scroll.o(i.moveDown) refers to glcd_scroll.o(i.last_line) for last_line
    glcd_scroll.o(i.moveDown) refers to glcd_scroll.o(i.last_window_line) for last_window_line
    glcd_scroll.o(i.moveDown) refers to glcd_scroll.o(i.refresh_lcd) for refresh_lcd
    glcd_scroll.o(i.moveDown) refers to glcd_scroll.o(.data) for window_start
    glcd_scroll.o(i.moveFirst) refers to glcd_scroll.o(i.refresh_lcd) for refresh_lcd
    glcd_scroll.o(i.moveFirst) refers to glcd_scroll.o(.data) for window_start
    glcd_scroll.o(i.moveLast) refers to glcd_scroll.o(i.last_line) for last_line
    glcd_scroll.o(i.moveLast) refers to glcd_scroll.o(i.last_window_line) for last_window_line
    glcd_scroll.o(i.moveLast) refers to glcd_scroll.o(i.refresh_lcd) for refresh_lcd
    glcd_scroll.o(i.moveLast) refers to glcd_scroll.o(.data) for cache_size
    glcd_scroll.o(i.moveUp) refers to glcd_scroll.o(i.refresh_lcd) for refresh_lcd
    glcd_scroll.o(i.moveUp) refers to glcd_scroll.o(.data) for window_start
    glcd_scroll.o(i.print_string) refers to glcd_scroll.o(i.print_text) for print_text
    glcd_scroll.o(i.print_text) refers to glcd_scroll.o(i.append_char) for append_char
    glcd_scroll.o(i.refresh_lcd) refers to glcd_spi_lpc1700.o(i.GLCD_Clear) for GLCD_Clear
    glcd_scroll.o(i.refresh_lcd) refers to glcd_spi_lpc1700.o(i.GLCD_DisplayString) for GLCD_DisplayString
    glcd_scroll.o(i.refresh_lcd) refers to glcd_scroll.o(.data) for window_start
    glcd_scroll.o(i.refresh_lcd) refers to glcd_scroll.o(.bss) for chache
    glcd_spi_lpc1700.o(i.GLCD_Bargraph) refers to glcd_spi_lpc1700.o(i.GLCD_SetWindow) for GLCD_SetWindow
    glcd_spi_lpc1700.o(i.GLCD_Bargraph) refers to glcd_spi_lpc1700.o(i.wr_cmd) for wr_cmd
    glcd_spi_lpc1700.o(i.GLCD_Bargraph) refers to glcd_spi_lpc1700.o(i.wr_dat_start) for wr_dat_start
    glcd_spi_lpc1700.o(i.GLCD_Bargraph) refers to glcd_spi_lpc1700.o(i.wr_dat_only) for wr_dat_only
    glcd_spi_lpc1700.o(i.GLCD_Bargraph) refers to glcd_spi_lpc1700.o(i.wr_dat_stop) for wr_dat_stop
    glcd_spi_lpc1700.o(i.GLCD_Bargraph) refers to glcd_spi_lpc1700.o(.data) for Color
    glcd_spi_lpc1700.o(i.GLCD_Bitmap) refers to glcd_spi_lpc1700.o(i.GLCD_SetWindow) for GLCD_SetWindow
    glcd_spi_lpc1700.o(i.GLCD_Bitmap) refers to glcd_spi_lpc1700.o(i.wr_cmd) for wr_cmd
    glcd_spi_lpc1700.o(i.GLCD_Bitmap) refers to glcd_spi_lpc1700.o(i.wr_dat_start) for wr_dat_start
    glcd_spi_lpc1700.o(i.GLCD_Bitmap) refers to glcd_spi_lpc1700.o(i.wr_dat_only) for wr_dat_only
    glcd_spi_lpc1700.o(i.GLCD_Bitmap) refers to glcd_spi_lpc1700.o(i.wr_dat_stop) for wr_dat_stop
    glcd_spi_lpc1700.o(i.GLCD_Clear) refers to glcd_spi_lpc1700.o(i.GLCD_WindowMax) for GLCD_WindowMax
    glcd_spi_lpc1700.o(i.GLCD_Clear) refers to glcd_spi_lpc1700.o(i.wr_cmd) for wr_cmd
    glcd_spi_lpc1700.o(i.GLCD_Clear) refers to glcd_spi_lpc1700.o(i.wr_dat_start) for wr_dat_start
    glcd_spi_lpc1700.o(i.GLCD_Clear) refers to glcd_spi_lpc1700.o(i.wr_dat_only) for wr_dat_only
    glcd_spi_lpc1700.o(i.GLCD_Clear) refers to glcd_spi_lpc1700.o(i.wr_dat_stop) for wr_dat_stop
    glcd_spi_lpc1700.o(i.GLCD_ClearLn) refers to glcd_spi_lpc1700.o(i.GLCD_WindowMax) for GLCD_WindowMax
    glcd_spi_lpc1700.o(i.GLCD_ClearLn) refers to glcd_spi_lpc1700.o(i.GLCD_DisplayString) for GLCD_DisplayString
[...]
    ../clib/microlib/malloc/mvars.c          0x00000000   Number         0  mvars.o ABSOLUTE
    ../clib/microlib/printf/printf.c         0x00000000   Number         0  printf3.o ABSOLUTE
    ../clib/microlib/printf/printf.c         0x00000000   Number         0  printf4.o ABSOLUTE
    ../clib/microlib/printf/printf.c         0x00000000   Number         0  printf5.o ABSOLUTE
    ../clib/microlib/printf/printf.c         0x00000000   Number         0  printf6.o ABSOLUTE
    ../clib/microlib/printf/printf.c         0x00000000   Number         0  printf7.o ABSOLUTE
    ../clib/microlib/printf/printf.c         0x00000000   Number         0  printf8.o ABSOLUTE
    ../clib/microlib/printf/printf.c         0x00000000   Number         0  printfa.o ABSOLUTE
    ../clib/microlib/printf/printf.c         0x00000000   Number         0  printf2.o ABSOLUTE
    ../clib/microlib/printf/printf.c         0x00000000   Number         0  printf1.o ABSOLUTE
    ../clib/microlib/printf/printf.c         0x00000000   Number         0  printf0.o ABSOLUTE
    ../clib/microlib/printf/printf.c         0x00000000   Number         0  printfb.o ABSOLUTE
    ../clib/microlib/printf/stubs.s          0x00000000   Number         0  stubs.o ABSOLUTE
    ../clib/microlib/stdlib/rand.c           0x00000000   Number         0  rand.o ABSOLUTE
    ../clib/microlib/string/memcpy.c         0x00000000   Number         0  memcpyb.o ABSOLUTE
    ../clib/microlib/string/memcpy.c         0x00000000   Number         0  memcpya.o ABSOLUTE
    ../clib/microlib/string/memset.c         0x00000000   Number         0  memseta.o ABSOLUTE
    ../clib/microlib/stubs.s                 0x00000000   Number         0  iusefp.o ABSOLUTE
    ../fplib/microlib/fpadd.c                0x00000000   Number         0  dadd.o ABSOLUTE
    ../fplib/microlib/fpdiv.c                0x00000000   Number         0  ddiv.o ABSOLUTE
    ../fplib/microlib/fpepilogue.c           0x00000000   Number         0  depilogue.o ABSOLUTE
    ../fplib/microlib/fpfix.c                0x00000000   Number         0  dfixul.o ABSOLUTE
    ../fplib/microlib/fpmul.c                0x00000000   Number         0  dmul.o ABSOLUTE
    ..\..\..\Source\ARM\irq_cm3.s            0x00000000   Number         0  irq_cm3.o ABSOLUTE
    C:\Software\Keil_v5\ARM\PACK\ARM\CMSIS\5.3.0\CMSIS\RTOS2\RTX\Source\rtx_lib.c 0x00000000   Number         0  rtx_lib.o ABSOLUTE
    C:\\Software\\Keil_v5\\ARM\\PACK\\ARM\\CMSIS\\5.3.0\\CMSIS\\RTOS2\\RTX\\Source\\rtx_lib.c 0x00000000   Number         0  rtx_lib.o ABSOLUTE
    GLCD_SPI_LPC1700.c                       0x00000000   Number         0  glcd_spi_lpc1700.o ABSOLUTE
    GLCD_SPI_LPC1700.c                       0x00000000   Number         0  glcd_spi_lpc1700.o ABSOLUTE
    GLCD_Scroll.c                            0x00000000   Number         0  glcd_scroll.o ABSOLUTE
    GLCD_Scroll.c                            0x00000000   Number         0  glcd_scroll.o ABSOLUTE
    RTE\CMSIS\RTX_Config.c                   0x00000000   Number         0  rtx_config.o ABSOLUTE
    RTE\Device\LPC1768\startup_LPC17xx.s     0x00000000   Number         0  startup_lpc17xx.o ABSOLUTE
    RTE\Device\LPC1768\system_LPC17xx.c      0x00000000   Number         0  system_lpc17xx.o ABSOLUTE
    RTE\\CMSIS\\RTX_Config.c                 0x00000000   Number         0  rtx_config.o ABSOLUTE
    RTE\\Device\\LPC1768\\system_LPC17xx.c   0x00000000   Number         0  system_lpc17xx.o ABSOLUTE
    Retarget.c                               0x00000000   Number         0  retarget.o ABSOLUTE
    cdrcmple.s                               0x00000000   Number         0  cdrcmple.o ABSOLUTE
    dc.s                                     0x00000000   Number         0  dc.o ABSOLUTE
    handlers.s                               0x00000000   Number         0  handlers.o ABSOLUTE
    init.s                                   0x00000000   Number         0  init.o ABSOLUTE
    main.c                                   0x00000000   Number         0  main.o ABSOLUTE
    main.c                                   0x00000000   Number         0  main.o ABSOLUTE
    os_systick.c                             0x00000000   Number         0  os_systick.o ABSOLUTE
    rtx_delay.c                              0x00000000   Number         0  rtx_delay.o ABSOLUTE
    rtx_kernel.c                             0x00000000   Number         0  rtx_kernel.o ABSOLUTE
    rtx_memory.c                             0x00000000   Number         0  rtx_memory.o ABSOLUTE
    rtx_mempool.c                            0x00000000   Number         0  rtx_mempool.o ABSOLUTE
    rtx_msgqueue.c                           0x00000000   Number         0  rtx_msgqueue.o ABSOLUTE
    rtx_mutex.c                              0x00000000   Number         0  rtx_mutex.o ABSOLUTE
    rtx_system.c                             0x00000000   Number         0  rtx_system.o ABSOLUTE
    rtx_thread.c                             0x00000000   Number         0  rtx_thread.o ABSOLUTE
    rtx_timer.c                              0x00000000   Number         0  rtx_timer.o ABSOLUTE
    uart.c                                   0x00000000   Number         0  uart.o ABSOLUTE
    uart.c                                   0x00000000   Number         0  uart.o ABSOLUTE
    .ARM.Collect$$$$00000000                 0x000000cc   Section        0  entry.o(.ARM.Collect$$$$00000000)
    .ARM.Collect$$$$00000001                 0x000000cc   Section        4  entry2.o(.ARM.Collect$$$$00000001)
    .ARM.Collect$$$$00000004                 0x000000d0   Section        4  entry5.o(.ARM.Collect$$$$00000004)
    .ARM.Collect$$$$00000008                 0x000000d4   Section        0  entry7b.o(.ARM.Collect$$$$00000008)
    .ARM.Collect$$$$0000000A                 0x000000d4   Section        0  entry8b.o(.ARM.Collect$$$$0000000A)
    .ARM.Collect$$$$0000000B                 0x000000d4   Section        8  entry9a.o(.ARM.Collect$$$$0000000B)
    .ARM.Collect$$$$0000000D                 0x000000dc   Section        0  entry10a.o(.ARM.Collect$$$$0000000D)
    .ARM.Collect$$$$0000000F                 0x000000dc   Section        0  entry11a.o(.ARM.Collect$$$$0000000F)
    .ARM.Collect$$$$00002712                 0x000000dc   Section        4  entry2.o(.ARM.Collect$$$$00002712)
    __lit__00000000                          0x000000dc   Data           4  entry2.o(.ARM.Collect$$$$00002712)
    .text                                    0x000000e0   Section       36  startup_lpc17xx.o(.text)
    .text                                    0x00000104   Section      148  irq_cm3.o(.text)
    .text                                    0x00000198   Section        0  rand.o(.text)
    .text                                    0x000001bc   Section        0  memcpya.o(.text)
    .text                                    0x000001e0   Section        0  memseta.o(.text)
    .text                                    0x00000204   Section        0  uidiv.o(.text)
    .text                                    0x00000230   Section       36  init.o(.text)
    .text                                    0x00000254   Section        0  __dczerorl.o(.text)
    [Anonymous Symbol]                       0x0000028e   Section        0  rtx_msgqueue.o(.text.MessageQueueGet)
    MessageQueueGet                          0x0000028f   Thumb Code    70  rtx_msgqueue.o(.text.MessageQueueGet)
    [Anonymous Symbol]                       0x000002d4   Section        0  rtx_msgqueue.o(.text.MessageQueueRemove)
    MessageQueueRemove                       0x000002d5   Thumb Code    38  rtx_msgqueue.o(.text.MessageQueueRemove)
    i.__scatterload_null                     0x000002fa   Section        2  handlers.o(i.__scatterload_null)
    .ARM.__at_0x02FC                         0x000002fc   Section        4  startup_lpc17xx.o(.ARM.__at_0x02FC)
    [Anonymous Symbol]                       0x00000300   Section        0  rtx_msgqueue.o(.text.MessageQueuePut)
    MessageQueuePut                          0x00000301   Thumb Code   100  rtx_msgqueue.o(.text.MessageQueuePut)
    [Anonymous Symbol]                       0x00000364   Section        0  os_systick.o(.text.OS_Tick_AcknowledgeIRQ)
    __arm_cp.3_0                             0x0000036c   Number         4  os_systick.o(.text.OS_Tick_AcknowledgeIRQ)
    [Anonymous Symbol]                       0x00000370   Section        0  os_systick.o(.text.OS_Tick_Enable)
    __arm_cp.1_0                             0x00000390   Number         4  os_systick.o(.text.OS_Tick_Enable)
    __arm_cp.1_1                             0x00000394   Number         4  os_systick.o(.text.OS_Tick_Enable)
    __arm_cp.1_2                             0x00000398   Number         4  os_systick.o(.text.OS_Tick_Enable)
    [Anonymous Symbol]                       0x0000039c   Section        0  os_systick.o(.text.OS_Tick_GetCount)
    __arm_cp.7_0                             0x000003a8   Number         4  os_systick.o(.text.OS_Tick_GetCount)
    [Anonymous Symbol]                       0x000003ac   Section        0  os_systick.o(.text.OS_Tick_GetIRQn)
    [Anonymous Symbol]                       0x000003b4   Section        0  os_systick.o(.text.OS_Tick_GetInterval)
    __arm_cp.6_0                             0x000003bc   Number         4  os_systick.o(.text.OS_Tick_GetInterval)
    [Anonymous Symbol]                       0x000003c0   Section        0  os_systick.o(.text.OS_Tick_GetOverflow)
    __arm_cp.8_0                             0x000003cc   Number         4  os_systick.o(.text.OS_Tick_GetOverflow)
    [Anonymous Symbol]                       0x000003d0   Section        0  os_systick.o(.text.OS_Tick_Setup)
    __arm_cp.0_0                             0x00000400   Number         4  os_systick.o(.text.OS_Tick_Setup)
    __arm_cp.0_1                             0x00000404   Number         4  os_systick.o(.text.OS_Tick_Setup)
    __arm_cp.0_2                             0x00000408   Number         4  os_systick.o(.text.OS_Tick_Setup)
    __arm_cp.0_3                             0x0000040c   Number         4  os_systick.o(.text.OS_Tick_Setup)
    [Anonymous Symbol]                       0x00000410   Section        0  rtx_thread.o(.text.ThreadFlagsCheck)
    ThreadFlagsCheck                         0x00000411   Thumb Code   106  rtx_thread.o(.text.ThreadFlagsCheck)
    [Anonymous Symbol]                       0x0000047c   Section        0  rtx_timer.o(.text.TimerInsert)
    TimerInsert                              0x0000047d   Thumb Code    80  rtx_timer.o(.text.TimerInsert)
    __arm_cp.8_0                             0x000004c8   Number         4  rtx_timer.o(.text.TimerInsert)
    [Anonymous Symbol]                       0x000004cc   Section        0  rtx_delay.o(.text.osDelay)
    __arm_cp.0_0                             0x000004ec   Number         4  rtx_delay.o(.text.osDelay)
    [Anonymous Symbol]                       0x000004f0   Section        0  rtx_kernel.o(.text.osKernelGetSysTimerCount)
    __arm_cp.15_0                            0x00000510   Number         4  rtx_kernel.o(.text.osKernelGetSysTimerCount)
    [Anonymous Symbol]                       0x00000514   Section        0  rtx_kernel.o(.text.osKernelGetTickFreq)
    __arm_cp.13_0                            0x00000534   Number         4  rtx_kernel.o(.text.osKernelGetTickFreq)
    __arm_cp.13_1                            0x00000538   Number         4  rtx_kernel.o(.text.osKernelGetTickFreq)
    [Anonymous Symbol]                       0x0000053c   Section        0  rtx_kernel.o(.text.osKernelInitialize)
    __arm_cp.0_0                             0x0000055c   Number         4  rtx_kernel.o(.text.osKernelInitialize)
    [Anonymous Symbol]                       0x00000560   Section        0  rtx_kernel.o(.text.osKernelStart)
    __arm_cp.5_0                             0x00000580   Number         4  rtx_kernel.o(.text.osKernelStart)
    [Anonymous Symbol]                       0x00000584   Section        0  rtx_msgqueue.o(.text.osMessageQueueGet)
    __arm_cp.3_0                             0x000005f0   Number         4  rtx_msgqueue.o(.text.osMessageQueueGet)
    [Anonymous Symbol]                       0x000005f4   Section        0  rtx_msgqueue.o(.text.osMessageQueueNew)
    __arm_cp.0_0                             0x00000614   Number         4  rtx_msgqueue.o(.text.osMessageQueueNew)
    [Anonymous Symbol]                       0x00000618   Section        0  rtx_msgqueue.o(.text.osMessageQueuePut)
    __arm_cp.2_0                             0x00000694   Number         4  rtx_msgqueue.o(.text.osMessageQueuePut)
    [Anonymous Symbol]                       0x00000698   Section        0  rtx_mutex.o(.text.osMutexAcquire)
    __arm_cp.3_0                             0x000006b8   Number         4  rtx_mutex.o(.text.osMutexAcquire)
    [Anonymous Symbol]                       0x000006bc   Section        0  rtx_mutex.o(.text.osMutexNew)
    __arm_cp.1_0                             0x000006dc   Number         4  rtx_mutex.o(.text.osMutexNew)
    [Anonymous Symbol]                       0x000006e0   Section        0  rtx_mutex.o(.text.osMutexRelease)
    __arm_cp.4_0                             0x00000700   Number         4  rtx_mutex.o(.text.osMutexRelease)
    [Anonymous Symbol]                       0x00000704   Section        0  rtx_memory.o(.text.osRtxMemoryAlloc)
    [Anonymous Symbol]                       0x00000784   Section        0  rtx_memory.o(.text.osRtxMemoryFree)
    [Anonymous Symbol]                       0x000007d6   Section        0  rtx_memory.o(.text.osRtxMemoryInit)
    [Anonymous Symbol]                       0x0000080c   Section        0  rtx_mempool.o(.text.osRtxMemoryPoolAlloc)
    [Anonymous Symbol]                       0x00000856   Section        0  rtx_mempool.o(.text.osRtxMemoryPoolFree)
    [Anonymous Symbol]                       0x000008ac   Section        0  rtx_mempool.o(.text.osRtxMemoryPoolInit)
    [Anonymous Symbol]                       0x00000900   Section        0  rtx_msgqueue.o(.text.osRtxMessageQueuePostProcess)
    osRtxMessageQueuePostProcess             0x00000901   Thumb Code   214  rtx_msgqueue.o(.text.osRtxMessageQueuePostProcess)
    [Anonymous Symbol]                       0x000009d6   Section        0  rtx_mutex.o(.text.osRtxMutexOwnerRelease)
    [Anonymous Symbol]                       0x00000a1c   Section        0  rtx_system.o(.text.osRtxPendSV_Handler)
    __arm_cp.1_0                             0x00000aa8   Number         4  rtx_system.o(.text.osRtxPendSV_Handler)
    [Anonymous Symbol]                       0x00000aac   Section        0  rtx_system.o(.text.osRtxPostProcess)
    __arm_cp.2_0                             0x00000b18   Number         4  rtx_system.o(.text.osRtxPostProcess)
    __arm_cp.2_1                             0x00000b1c   Number         4  rtx_system.o(.text.osRtxPostProcess)
    [Anonymous Symbol]                       0x00000b20   Section        0  rtx_thread.o(.text.osRtxThreadBlock)
    osRtxThreadBlock                         0x00000b21   Thumb Code    56  rtx_thread.o(.text.osRtxThreadBlock)
    __arm_cp.10_0                            0x00000b54   Number         4  rtx_thread.o(.text.osRtxThreadBlock)
    [Anonymous Symbol]                       0x00000b58   Section        0  rtx_thread.o(.text.osRtxThreadDelayInsert)
    osRtxThreadDelayInsert                   0x00000b59   Thumb Code   148  rtx_thread.o(.text.osRtxThreadDelayInsert)
    __arm_cp.14_0                            0x00000be8   Number         4  rtx_thread.o(.text.osRtxThreadDelayInsert)
    [Anonymous Symbol]                       0x00000bec   Section        0  rtx_thread.o(.text.osRtxThreadDelayRemove)
    osRtxThreadDelayRemove                   0x00000bed   Thumb Code    88  rtx_thread.o(.text.osRtxThreadDelayRemove)
    __arm_cp.12_0                            0x00000c40   Number         4  rtx_thread.o(.text.osRtxThreadDelayRemove)
    [Anonymous Symbol]                       0x00000c44   Section        0  rtx_thread.o(.text.osRtxThreadDelayTick)
    __arm_cp.5_0                             0x00000c78   Number         4  rtx_thread.o(.text.osRtxThreadDelayTick)
    [Anonymous Symbol]                       0x00000c7c   Section        0  rtx_thread.o(.text.osRtxThreadDispatch)
    __arm_cp.9_0                             0x00000cd8   Number         4  rtx_thread.o(.text.osRtxThreadDispatch)
    [Anonymous Symbol]                       0x00000cdc   Section        0  rtx_thread.o(.text.osRtxThreadFree)
    osRtxThreadFree                          0x00000cdd   Thumb Code    88  rtx_thread.o(.text.osRtxThreadFree)
    __arm_cp.52_0                            0x00000d30   Number         4  rtx_thread.o(.text.osRtxThreadFree)
    [Anonymous Symbol]                       0x00000d34   Section        0  rtx_thread.o(.text.osRtxThreadListGet)
    [Anonymous Symbol]                       0x00000d4a   Section        0  rtx_thread.o(.text.osRtxThreadListPut)
    [Anonymous Symbol]                       0x00000d82   Section        0  rtx_thread.o(.text.osRtxThreadListRemove)
    [Anonymous Symbol]                       0x00000d96   Section        0  rtx_thread.o(.text.osRtxThreadListSort)
    [Anonymous Symbol]                       0x00000dbe   Section        0  rtx_thread.o(.text.osRtxThreadPostProcess)
    osRtxThreadPostProcess                   0x00000dbf   Thumb Code    42  rtx_thread.o(.text.osRtxThreadPostProcess)
    [Anonymous Symbol]                       0x00000de8   Section        0  rtx_thread.o(.text.osRtxThreadReadyPut)
    __arm_cp.4_0                             0x00000df8   Number         4  rtx_thread.o(.text.osRtxThreadReadyPut)
    [Anonymous Symbol]                       0x00000dfc   Section        0  rtx_thread.o(.text.osRtxThreadRegPtr)
    [Anonymous Symbol]                       0x00000e04   Section        0  rtx_thread.o(.text.osRtxThreadStackCheck)
    __arm_cp.8_0                             0x00000e24   Number         4  rtx_thread.o(.text.osRtxThreadStackCheck)
    __arm_cp.8_1                             0x00000e28   Number         4  rtx_thread.o(.text.osRtxThreadStackCheck)
    [Anonymous Symbol]                       0x00000e2c   Section        0  rtx_thread.o(.text.osRtxThreadStartup)
    __arm_cp.15_0                            0x00000e74   Number         4  rtx_thread.o(.text.osRtxThreadStartup)
    __arm_cp.15_1                            0x00000e78   Number         4  rtx_thread.o(.text.osRtxThreadStartup)
    __arm_cp.15_2                            0x00000e7c   Number         4  rtx_thread.o(.text.osRtxThreadStartup)
    __arm_cp.15_3                            0x00000e80   Number         4  rtx_thread.o(.text.osRtxThreadStartup)
    [Anonymous Symbol]                       0x00000e84   Section        0  rtx_thread.o(.text.osRtxThreadSwitch)
    __arm_cp.7_0                             0x00000e90   Number         4  rtx_thread.o(.text.osRtxThreadSwitch)
    [Anonymous Symbol]                       0x00000e94   Section        0  rtx_thread.o(.text.osRtxThreadWaitEnter)
    __arm_cp.13_0                            0x00000ec8   Number         4  rtx_thread.o(.text.osRtxThreadWaitEnter)
    [Anonymous Symbol]                       0x00000ecc   Section        0  rtx_thread.o(.text.osRtxThreadWaitExit)
    [Anonymous Symbol]                       0x00000ef0   Section        0  rtx_system.o(.text.osRtxTick_Handler)
    __arm_cp.0_0                             0x00000f5c   Number         4  rtx_system.o(.text.osRtxTick_Handler)
    [Anonymous Symbol]                       0x00000f60   Section        0  rtx_timer.o(.text.osRtxTimerThread)
    __arm_cp.0_0                             0x00000f98   Number         4  rtx_timer.o(.text.osRtxTimerThread)
    __arm_cp.0_1                             0x00000f9c   Number         4  rtx_timer.o(.text.osRtxTimerThread)
    __arm_cp.0_2                             0x00000fa0   Number         4  rtx_timer.o(.text.osRtxTimerThread)
    [Anonymous Symbol]                       0x00000fa4   Section        0  rtx_timer.o(.text.osRtxTimerTick)
    osRtxTimerTick                           0x00000fa5   Thumb Code    88  rtx_timer.o(.text.osRtxTimerTick)
    __arm_cp.1_0                             0x00000ff8   Number         4  rtx_timer.o(.text.osRtxTimerTick)
    [Anonymous Symbol]                       0x00000ffc   Section        0  rtx_thread.o(.text.osThreadExit)
    __arm_cp.30_0                            0x00001004   Number         4  rtx_thread.o(.text.osThreadExit)
    [Anonymous Symbol]                       0x00001008   Section        0  rtx_thread.o(.text.osThreadNew)
    __arm_cp.17_0                            0x00001028   Number         4  rtx_thread.o(.text.osThreadNew)
    [Anonymous Symbol]                       0x0000102c   Section        0  rtx_thread.o(.text.osThreadYield)
    __arm_cp.25_0                            0x0000104c   Number         4  rtx_thread.o(.text.osThreadYield)
    [Anonymous Symbol]                       0x00001050   Section        0  rtx_delay.o(.text.svcRtxDelay)
    svcRtxDelay                              0x00001051   Thumb Code    20  rtx_delay.o(.text.svcRtxDelay)
    [Anonymous Symbol]                       0x00001064   Section        0  rtx_kernel.o(.text.svcRtxKernelGetSysTimerCount)
    svcRtxKernelGetSysTimerCount             0x00001065   Thumb Code    40  rtx_kernel.o(.text.svcRtxKernelGetSysTimerCount)
    __arm_cp.16_0                            0x00001088   Number         4  rtx_kernel.o(.text.svcRtxKernelGetSysTimerCount)
    [Anonymous Symbol]                       0x0000108c   Section        0  rtx_kernel.o(.text.svcRtxKernelGetTickFreq)
    svcRtxKernelGetTickFreq                  0x0000108d   Thumb Code    12  rtx_kernel.o(.text.svcRtxKernelGetTickFreq)
    __arm_cp.14_0                            0x00001094   Number         4  rtx_kernel.o(.text.svcRtxKernelGetTickFreq)
    [Anonymous Symbol]                       0x00001098   Section        0  rtx_kernel.o(.text.svcRtxKernelInitialize)
    svcRtxKernelInitialize                   0x00001099   Thumb Code   376  rtx_kernel.o(.text.svcRtxKernelInitialize)
    __arm_cp.19_0                            0x00001204   Number         4  rtx_kernel.o(.text.svcRtxKernelInitialize)
    __arm_cp.19_1                            0x00001208   Number         4  rtx_kernel.o(.text.svcRtxKernelInitialize)
    __arm_cp.19_2                            0x0000120c   Number         4  rtx_kernel.o(.text.svcRtxKernelInitialize)
    [Anonymous Symbol]                       0x00001210   Section        0  rtx_kernel.o(.text.svcRtxKernelStart)
    svcRtxKernelStart                        0x00001211   Thumb Code   140  rtx_kernel.o(.text.svcRtxKernelStart)
    __arm_cp.20_0                            0x0000128c   Number         4  rtx_kernel.o(.text.svcRtxKernelStart)
    __arm_cp.20_1                            0x00001290   Number         4  rtx_kernel.o(.text.svcRtxKernelStart)
    __arm_cp.20_2                            0x00001294   Number         4  rtx_kernel.o(.text.svcRtxKernelStart)
    __arm_cp.20_3                            0x00001298   Number         4  rtx_kernel.o(.text.svcRtxKernelStart)
    [Anonymous Symbol]                       0x0000129c   Section        0  rtx_msgqueue.o(.text.svcRtxMessageQueueGet)
    svcRtxMessageQueueGet                    0x0000129d   Thumb Code   240  rtx_msgqueue.o(.text.svcRtxMessageQueueGet)
    __arm_cp.21_0                            0x00001388   Number         4  rtx_msgqueue.o(.text.svcRtxMessageQueueGet)
    [Anonymous Symbol]                       0x0000138c   Section        0  rtx_msgqueue.o(.text.svcRtxMessageQueueNew)
    svcRtxMessageQueueNew                    0x0000138d   Thumb Code   312  rtx_msgqueue.o(.text.svcRtxMessageQueueNew)
    __arm_cp.14_0                            0x000014bc   Number         4  rtx_msgqueue.o(.text.svcRtxMessageQueueNew)
    __arm_cp.14_1                            0x000014c0   Number         4  rtx_msgqueue.o(.text.svcRtxMessageQueueNew)
    [Anonymous Symbol]                       0x000014c4   Section        0  rtx_msgqueue.o(.text.svcRtxMessageQueuePut)
    svcRtxMessageQueuePut                    0x000014c5   Thumb Code   200  rtx_msgqueue.o(.text.svcRtxMessageQueuePut)
    __arm_cp.19_0                            0x00001588   Number         4  rtx_msgqueue.o(.text.svcRtxMessageQueuePut)
    [Anonymous Symbol]                       0x0000158c   Section        0  rtx_mutex.o(.text.svcRtxMutexAcquire)
    svcRtxMutexAcquire                       0x0000158d   Thumb Code   152  rtx_mutex.o(.text.svcRtxMutexAcquire)
    __arm_cp.9_0                             0x00001620   Number         4  rtx_mutex.o(.text.svcRtxMutexAcquire)
    [Anonymous Symbol]                       0x00001624   Section        0  rtx_mutex.o(.text.svcRtxMutexNew)
    svcRtxMutexNew                           0x00001625   Thumb Code   108  rtx_mutex.o(.text.svcRtxMutexNew)
    __arm_cp.7_0                             0x0000168c   Number         4  rtx_mutex.o(.text.svcRtxMutexNew)
    [Anonymous Symbol]                       0x00001690   Section        0  rtx_mutex.o(.text.svcRtxMutexRelease)
    svcRtxMutexRelease                       0x00001691   Thumb Code   188  rtx_mutex.o(.text.svcRtxMutexRelease)
    __arm_cp.10_0                            0x00001748   Number         4  rtx_mutex.o(.text.svcRtxMutexRelease)
    [Anonymous Symbol]                       0x0000174c   Section        0  rtx_thread.o(.text.svcRtxThreadExit)
    svcRtxThreadExit                         0x0000174d   Thumb Code   104  rtx_thread.o(.text.svcRtxThreadExit)
    __arm_cp.54_0                            0x000017b0   Number         4  rtx_thread.o(.text.svcRtxThreadExit)
    [Anonymous Symbol]                       0x000017b4   Section        0  rtx_thread.o(.text.svcRtxThreadNew)
    svcRtxThreadNew                          0x000017b5   Thumb Code   480  rtx_thread.o(.text.svcRtxThreadNew)
    __arm_cp.16_0                            0x00001980   Number         4  rtx_thread.o(.text.svcRtxThreadNew)
    __arm_cp.16_1                            0x00001984   Number         4  rtx_thread.o(.text.svcRtxThreadNew)
    __arm_cp.16_2                            0x00001988   Number         4  rtx_thread.o(.text.svcRtxThreadNew)
    __arm_cp.16_3                            0x0000198c   Number         4  rtx_thread.o(.text.svcRtxThreadNew)
    __arm_cp.16_4                            0x00001990   Number         4  rtx_thread.o(.text.svcRtxThreadNew)
    [Anonymous Symbol]                       0x00001994   Section        0  rtx_thread.o(.text.svcRtxThreadYield)
    svcRtxThreadYield                        0x00001995   Thumb Code    56  rtx_thread.o(.text.svcRtxThreadYield)
    __arm_cp.47_0                            0x000019c8   Number         4  rtx_thread.o(.text.svcRtxThreadYield)
    i.Free                                   0x000019cc   Section        0  uart.o(i.Free)
    i.FreeRcv                                0x000019d4   Section        0  uart.o(i.FreeRcv)
    i.FreeSnd                                0x000019f8   Section        0  uart.o(i.FreeSnd)
    i.GLCD_Bitmap                            0x00001a1c   Section        0  glcd_spi_lpc1700.o(i.GLCD_Bitmap)
    i.GLCD_Clear                             0x00001a6e   Section        0  glcd_spi_lpc1700.o(i.GLCD_Clear)
    i.GLCD_DisplayChar                       0x00001a98   Section        0  glcd_spi_lpc1700.o(i.GLCD_DisplayChar)
    i.GLCD_DisplayString                     0x00001af4   Section        0  glcd_spi_lpc1700.o(i.GLCD_DisplayString)
    i.GLCD_DrawChar                          0x00001b1c   Section        0  glcd_spi_lpc1700.o(i.GLCD_DrawChar)
    i.GLCD_Init                              0x00001bb8   Section        0  glcd_spi_lpc1700.o(i.GLCD_Init)
    i.GLCD_SetBackColor                      0x000021a0   Section        0  glcd_spi_lpc1700.o(i.GLCD_SetBackColor)
    i.GLCD_SetTextColor                      0x000021ac   Section        0  glcd_spi_lpc1700.o(i.GLCD_SetTextColor)
    i.GLCD_SetWindow                         0x000021b8   Section        0  glcd_spi_lpc1700.o(i.GLCD_SetWindow)
    i.GLCD_WindowMax                         0x00002264   Section        0  glcd_spi_lpc1700.o(i.GLCD_WindowMax)
    i.SystemInit                             0x00002278   Section        0  system_lpc17xx.o(i.SystemInit)
    i.UART0_IRQHandler                       0x000023b8   Section        0  uart.o(i.UART0_IRQHandler)
    i.UART1_IRQHandler                       0x00002420   Section        0  uart.o(i.UART1_IRQHandler)
    i.UARTInit                               0x00002490   Section        0  uart.o(i.UARTInit)
    i.UARTSendChar                           0x0000254c   Section        0  uart.o(i.UARTSendChar)
    i.__0printf$6                            0x00002570   Section        0  printf6.o(i.__0printf$6)
    i.__0sprintf$6                           0x00002590   Section        0  printf6.o(i.__0sprintf$6)
    i.__NVIC_EnableIRQ                       0x000025b8   Section        0  uart.o(i.__NVIC_EnableIRQ)
    __NVIC_EnableIRQ                         0x000025b9   Thumb Code    26  uart.o(i.__NVIC_EnableIRQ)
    i.__scatterload_copy                     0x000025d2   Section       14  handlers.o(i.__scatterload_copy)
    i.__scatterload_zeroinit                 0x000025e0   Section       14  handlers.o(i.__scatterload_zeroinit)
    i._printf_core                           0x000025f0   Section        0  printf6.o(i._printf_core)
    _printf_core                             0x000025f1   Thumb Code   748  printf6.o(i._printf_core)
    i._printf_post_padding                   0x000028e0   Section        0  printf6.o(i._printf_post_padding)
    _printf_post_padding                     0x000028e1   Thumb Code    36  printf6.o(i._printf_post_padding)
    i._printf_pre_padding                    0x00002904   Section        0  printf6.o(i._printf_pre_padding)
    _printf_pre_padding                      0x00002905   Thumb Code    46  printf6.o(i._printf_pre_padding)
    i._sputc                                 0x00002932   Section        0  printf6.o(i._sputc)
    _sputc                                   0x00002933   Thumb Code    10  printf6.o(i._sputc)
    i.checkGameOver                          0x0000293c   Section        0  main.o(i.checkGameOver)
    i.coordInSnake                           0x000029e4   Section        0  main.o(i.coordInSnake)
    i.createBodyNode                         0x00002a10   Section        0  main.o(i.createBodyNode)
    i.delay                                  0x00002a50   Section        0  glcd_spi_lpc1700.o(i.delay)
    delay                                    0x00002a51   Thumb Code    14  glcd_spi_lpc1700.o(i.delay)
    i.deleteSnake                            0x00002a60   Section        0  main.o(i.deleteSnake)
    i.dequeue                                0x00002a94   Section        0  main.o(i.dequeue)
    i.dirSwitch                              0x00002abc   Section        0  main.o(i.dirSwitch)
    i.enqueue                                0x00002afc   Section        0  main.o(i.enqueue)
    i.fputc                                  0x00002b20   Section        0  retarget.o(i.fputc)
    i.free                                   0x00002b30   Section        0  malloc.o(i.free)
    i.getFrequency                           0x00002b80   Section        0  uart.o(i.getFrequency)
    i.getJoyData                             0x00002bc8   Section        0  main.o(i.getJoyData)
    i.getNextCoord                           0x00002c50   Section        0  main.o(i.getNextCoord)
    i.getRandCoord                           0x00002d00   Section        0  main.o(i.getRandCoord)
    i.main                                   0x00002d64   Section        0  main.o(i.main)
    i.malloc                                 0x00002e3c   Section        0  malloc.o(i.malloc)
    i.mapSnake                               0x00002ea8   Section        0  main.o(i.mapSnake)
    i.moveSnake                              0x00002f5c   Section        0  main.o(i.moveSnake)
    i.osRtxErrorNotify                       0x00002f88   Section        0  rtx_config.o(i.osRtxErrorNotify)
    i.osRtxIdleThread                        0x00002fa8   Section        0  rtx_config.o(i.osRtxIdleThread)
    i.placeNewSnack                          0x00002fac   Section        0  main.o(i.placeNewSnack)
    i.pushButtonPause                        0x00003014   Section        0  main.o(i.pushButtonPause)
    i.rd_id_man                              0x00003048   Section        0  glcd_spi_lpc1700.o(i.rd_id_man)
    rd_id_man                                0x00003049   Thumb Code   132  glcd_spi_lpc1700.o(i.rd_id_man)
    i.rd_reg                                 0x000030d4   Section        0  glcd_spi_lpc1700.o(i.rd_reg)
    rd_reg                                   0x000030d5   Thumb Code    66  glcd_spi_lpc1700.o(i.rd_reg)
    i.readJoystick                           0x0000311c   Section        0  main.o(i.readJoystick)
    i.resetSnake                             0x00003148   Section        0  main.o(i.resetSnake)
    i.runPushButton                          0x000031c4   Section        0  main.o(i.runPushButton)
    i.sendchar                               0x000031e0   Section        0  retarget.o(i.sendchar)
    i.setLED                                 0x00003224   Section        0  main.o(i.setLED)
    i.spi_tran                               0x00003294   Section        0  glcd_spi_lpc1700.o(i.spi_tran)
    spi_tran                                 0x00003295   Thumb Code    28  glcd_spi_lpc1700.o(i.spi_tran)
    i.spi_tran_man                           0x000032b4   Section        0  glcd_spi_lpc1700.o(i.spi_tran_man)
    spi_tran_man                             0x000032b5   Thumb Code   124  glcd_spi_lpc1700.o(i.spi_tran_man)
    i.updateLocation                         0x00003334   Section        0  main.o(i.updateLocation)
    i.wr_cmd                                 0x000033dc   Section        0  glcd_spi_lpc1700.o(i.wr_cmd)
    wr_cmd                                   0x000033dd   Thumb Code    36  glcd_spi_lpc1700.o(i.wr_cmd)
    i.wr_dat                                 0x00003404   Section        0  glcd_spi_lpc1700.o(i.wr_dat)
    wr_dat                                   0x00003405   Thumb Code    36  glcd_spi_lpc1700.o(i.wr_dat)
    i.wr_dat_only                            0x0000342c   Section        0  glcd_spi_lpc1700.o(i.wr_dat_only)
    wr_dat_only                              0x0000342d   Thumb Code    18  glcd_spi_lpc1700.o(i.wr_dat_only)
    i.wr_dat_start                           0x00003440   Section        0  glcd_spi_lpc1700.o(i.wr_dat_start)
    wr_dat_start                             0x00003441   Thumb Code    16  glcd_spi_lpc1700.o(i.wr_dat_start)
    i.wr_dat_stop                            0x00003454   Section        0  glcd_spi_lpc1700.o(i.wr_dat_stop)
    wr_dat_stop                              0x00003455   Thumb Code     8  glcd_spi_lpc1700.o(i.wr_dat_stop)
    i.wr_reg                                 0x00003460   Section        0  glcd_spi_lpc1700.o(i.wr_reg)
    wr_reg                                   0x00003461   Thumb Code    20  glcd_spi_lpc1700.o(i.wr_reg)
    .constdata                               0x00003474   Section     6272  glcd_spi_lpc1700.o(.constdata)
    .constdata                               0x00004cf4   Section     1812  main.o(.constdata)
    GIMP_IMAGE_pixel_data                    0x00004cf4   Data         901  main.o(.constdata)
    SNACK_pixel_data                         0x00005079   Data         451  main.o(.constdata)
    EMPTY_BLOCK_pixel_data                   0x0000523c   Data         451  main.o(.constdata)
    .constdata                               0x00005408   Section      100  rtx_lib.o(.constdata)
    os_idle_thread_attr                      0x00005408   Data          36  rtx_lib.o(.constdata)
    os_timer_thread_attr                     0x0000542c   Data          36  rtx_lib.o(.constdata)
    os_timer_mq_attr                         0x00005450   Data          24  rtx_lib.o(.constdata)
    .rodata                                  0x0000546c   Section      104  rtx_lib.o(.rodata)
    __tagsym$$used                           0x0000546c   Number         0  rtx_lib.o(.rodata)
    [Anonymous Symbol]                       0x000054d4   Section        0  rtx_kernel.o(.rodata.str1.4)
    .L.str                                   0x000054d4   Data          11  rtx_kernel.o(.rodata.str1.4)
    .bss.os                                  0x10000000   Section     4160  rtx_lib.o(.bss.os)
    os_mem                                   0x10000000   Data        4096  rtx_lib.o(.bss.os)
    os_isr_queue                             0x10001000   Data          64  rtx_lib.o(.bss.os)
    .bss.os.msgqueue.cb                      0x10001040   Section       52  rtx_lib.o(.bss.os.msgqueue.cb)
    os_timer_mq_cb                           0x10001040   Data          52  rtx_lib.o(.bss.os.msgqueue.cb)
    .bss.os.msgqueue.mem                     0x10001074   Section       80  rtx_lib.o(.bss.os.msgqueue.mem)
    os_timer_mq_data                         0x10001074   Data          80  rtx_lib.o(.bss.os.msgqueue.mem)
    .bss.os.thread.cb                        0x100010c4   Section      136  rtx_lib.o(.bss.os.thread.cb)
    os_idle_thread_cb                        0x100010c4   Data          68  rtx_lib.o(.bss.os.thread.cb)
    os_timer_thread_cb                       0x10001108   Data          68  rtx_lib.o(.bss.os.thread.cb)
    .bss.os.thread.stack                     0x10001150   Section      768  rtx_lib.o(.bss.os.thread.stack)
    os_idle_thread_stack                     0x10001150   Data         512  rtx_lib.o(.bss.os.thread.stack)
    os_timer_thread_stack                    0x10001350   Data         256  rtx_lib.o(.bss.os.thread.stack)
    .data                                    0x10001450   Section        5  glcd_spi_lpc1700.o(.data)
    Color                                    0x10001450   Data           4  glcd_spi_lpc1700.o(.data)
    Himax                                    0x10001454   Data           1  glcd_spi_lpc1700.o(.data)
    .data                                    0x10001458   Section       76  main.o(.data)
    .data                                    0x100014a4   Section       12  retarget.o(.data)
    .data                                    0x100014b0   Section       32  uart.o(.data)
    .data                                    0x100014d0   Section        4  system_lpc17xx.o(.data)
    .data                                    0x100014d4   Section        4  rand.o(.data)
    _rand_state                              0x100014d4   Data           4  rand.o(.data)
    .data                                    0x100014d8   Section        4  mvars.o(.data)
    .data                                    0x100014dc   Section        4  mvars.o(.data)
    .bss                                     0x10001584   Section      128  uart.o(.bss)
    [Anonymous Symbol]                       0x10001604   Section        0  os_systick.o(.bss.PendST)
    PendST                                   0x10001604   Data           1  os_systick.o(.bss.PendST)
    HEAP                                     0x10001608   Section     8192  startup_lpc17xx.o(HEAP)
    STACK                                    0x10003608   Section     8192  startup_lpc17xx.o(STACK)

    Global Symbols

    Symbol Name                              Value     Ov Type        Size  Object(Section)

    BuildAttributes$$THM_ISAv4$P$D$K$B$S$PE$A:L22UL41UL21$X:L11$S22US41US21$IEEE1$IW$~IW$USESV6$~STKCKD$USESV7$~SHL$OSPACE$ROPI$EBA8$MICROLIB$REQ8$PRES8$EABIv2 0x00000000   Number         0  anon$$obj.o ABSOLUTE
    __ARM_use_no_argv                        0x00000000   Number         0  main.o ABSOLUTE
    __Vectors                                0x00000000   Data           4  startup_lpc17xx.o(RESET)
    _printf_a                                0x00000000   Number         0  stubs.o ABSOLUTE
    _printf_c                                0x00000000   Number         0  stubs.o ABSOLUTE
    _printf_charcount                        0x00000000   Number         0  stubs.o ABSOLUTE
    _printf_d                                0x00000000   Number         0  stubs.o ABSOLUTE
    _printf_e                                0x00000000   Number         0  stubs.o ABSOLUTE
    _printf_f                                0x00000000   Number         0  stubs.o ABSOLUTE
    _printf_flags                            0x00000000   Number         0  stubs.o ABSOLUTE
    _printf_fp_dec                           0x00000000   Number         0  stubs.o ABSOLUTE
    _printf_fp_hex                           0x00000000   Number         0  stubs.o ABSOLUTE
    _printf_g                                0x00000000   Number         0  stubs.o ABSOLUTE
    _printf_i                                0x00000000   Number         0  stubs.o ABSOLUTE
    _printf_int_dec                          0x00000000   Number         0  stubs.o ABSOLUTE
    _printf_l                                0x00000000   Number         0  stubs.o ABSOLUTE
    _printf_lc                               0x00000000   Number         0  stubs.o ABSOLUTE
    _printf_ll                               0x00000000   Number         0  stubs.o ABSOLUTE
    _printf_lld                              0x00000000   Number         0  stubs.o ABSOLUTE
    _printf_lli                              0x00000000   Number         0  stubs.o ABSOLUTE
    _printf_llo                              0x00000000   Number         0  stubs.o ABSOLUTE
    _printf_llu                              0x00000000   Number         0  stubs.o ABSOLUTE
    _printf_llx                              0x00000000   Number         0  stubs.o ABSOLUTE
    _printf_longlong_dec                     0x00000000   Number         0  stubs.o ABSOLUTE
    _printf_longlong_hex                     0x00000000   Number         0  stubs.o ABSOLUTE
    _printf_longlong_oct                     0x00000000   Number         0  stubs.o ABSOLUTE
    _printf_ls                               0x00000000   Number         0  stubs.o ABSOLUTE
    _printf_mbtowc                           0x00000000   Number         0  stubs.o ABSOLUTE
    _printf_n                                0x00000000   Number         0  stubs.o ABSOLUTE
    _printf_o                                0x00000000   Number         0  stubs.o ABSOLUTE
    _printf_p                                0x00000000   Number         0  stubs.o ABSOLUTE
    _printf_percent                          0x00000000   Number         0  stubs.o ABSOLUTE
    _printf_pre_padding                      0x00000000   Number         0  stubs.o ABSOLUTE
    _printf_return_value                     0x00000000   Number         0  stubs.o ABSOLUTE
    _printf_s                                0x00000000   Number         0  stubs.o ABSOLUTE
    _printf_sizespec                         0x00000000   Number         0  stubs.o ABSOLUTE
    _printf_str                              0x00000000   Number         0  stubs.o ABSOLUTE
    _printf_truncate_signed                  0x00000000   Number         0  stubs.o ABSOLUTE
    _printf_truncate_unsigned                0x00000000   Number         0  stubs.o ABSOLUTE
    _printf_u                                0x00000000   Number         0  stubs.o ABSOLUTE
    _printf_wc                               0x00000000   Number         0  stubs.o ABSOLUTE
    _printf_wctomb                           0x00000000   Number         0  stubs.o ABSOLUTE
    _printf_widthprec                        0x00000000   Number         0  stubs.o ABSOLUTE
    _printf_x                                0x00000000   Number         0  stubs.o ABSOLUTE
    .bss.os.evflags.cb$$Base                  - Undefined Weak Reference
    .bss.os.evflags.cb$$Limit                 - Undefined Weak Reference
    .bss.os.mempool.cb$$Base                  - Undefined Weak Reference
    .bss.os.mempool.cb$$Limit                 - Undefined Weak Reference
    .bss.os.mutex.cb$$Base                    - Undefined Weak Reference
    .bss.os.mutex.cb$$Limit                   - Undefined Weak Reference
    .bss.os.semaphore.cb$$Base                - Undefined Weak Reference
    .bss.os.semaphore.cb$$Limit               - Undefined Weak Reference
    .bss.os.timer.cb$$Base                    - Undefined Weak Reference
    .bss.os.timer.cb$$Limit                   - Undefined Weak Reference
    __cpp_initialize__aeabi_                  - Undefined Weak Reference
    __cxa_finalize                            - Undefined Weak Reference
    _clock_init                               - Undefined Weak Reference
    _microlib_exit                            - Undefined Weak Reference
    __main                                   0x000000cd   Thumb Code     0  entry.o(.ARM.Collect$$$$00000000)
    _main_stk                                0x000000cd   Thumb Code     0  entry2.o(.ARM.Collect$$$$00000001)
    _main_scatterload                        0x000000d1   Thumb Code     0  entry5.o(.ARM.Collect$$$$00000004)
    __main_after_scatterload                 0x000000d5   Thumb Code     0  entry5.o(.ARM.Collect$$$$00000004)
    _main_clock                              0x000000d5   Thumb Code     0  entry7b.o(.ARM.Collect$$$$00000008)
    _main_cpp_init                           0x000000d5   Thumb Code     0  entry8b.o(.ARM.Collect$$$$0000000A)
    _main_init                               0x000000d5   Thumb Code     0  entry9a.o(.ARM.Collect$$$$0000000B)
    __rt_final_cpp                           0x000000dd   Thumb Code     0  entry10a.o(.ARM.Collect$$$$0000000D)
    __rt_final_exit                          0x000000dd   Thumb Code     0  entry11a.o(.ARM.Collect$$$$0000000F)
    Reset_Handler                            0x000000e1   Thumb Code     8  startup_lpc17xx.o(.text)
    NMI_Handler                              0x000000e9   Thumb Code     2  startup_lpc17xx.o(.text)
    HardFault_Handler                        0x000000eb   Thumb Code     2  startup_lpc17xx.o(.text)
    MemManage_Handler                        0x000000ed   Thumb Code     2  startup_lpc17xx.o(.text)
    BusFault_Handler                         0x000000ef   Thumb Code     2  startup_lpc17xx.o(.text)
    UsageFault_Handler                       0x000000f1   Thumb Code     2  startup_lpc17xx.o(.text)
    DebugMon_Handler                         0x000000f5   Thumb Code     2  startup_lpc17xx.o(.text)
    ADC_IRQHandler                           0x000000fb   Thumb Code     0  startup_lpc17xx.o(.text)
    BOD_IRQHandler                           0x000000fb   Thumb Code     0  startup_lpc17xx.o(.text)
    CANActivity_IRQHandler                   0x000000fb   Thumb Code     0  startup_lpc17xx.o(.text)
    CAN_IRQHandler                           0x000000fb   Thumb Code     0  startup_lpc17xx.o(.text)
    DMA_IRQHandler                           0x000000fb   Thumb Code     0  startup_lpc17xx.o(.text)
    EINT0_IRQHandler                         0x000000fb   Thumb Code     0  startup_lpc17xx.o(.text)
    EINT1_IRQHandler                         0x000000fb   Thumb Code     0  startup_lpc17xx.o(.text)
    EINT2_IRQHandler                         0x000000fb   Thumb Code     0  startup_lpc17xx.o(.text)
    EINT3_IRQHandler                         0x000000fb   Thumb Code     0  startup_lpc17xx.o(.text)
    ENET_IRQHandler                          0x000000fb   Thumb Code     0  startup_lpc17xx.o(.text)
    I2C0_IRQHandler                          0x000000fb   Thumb Code     0  startup_lpc17xx.o(.text)
    I2C1_IRQHandler                          0x000000fb   Thumb Code     0  startup_lpc17xx.o(.text)
    I2C2_IRQHandler                          0x000000fb   Thumb Code     0  startup_lpc17xx.o(.text)
    I2S_IRQHandler                           0x000000fb   Thumb Code     0  startup_lpc17xx.o(.text)
    MCPWM_IRQHandler                         0x000000fb   Thumb Code     0  startup_lpc17xx.o(.text)
    PLL0_IRQHandler                          0x000000fb   Thumb Code     0  startup_lpc17xx.o(.text)
    PLL1_IRQHandler                          0x000000fb   Thumb Code     0  startup_lpc17xx.o(.text)
    PWM1_IRQHandler                          0x000000fb   Thumb Code     0  startup_lpc17xx.o(.text)
    QEI_IRQHandler                           0x000000fb   Thumb Code     0  startup_lpc17xx.o(.text)
    RIT_IRQHandler                           0x000000fb   Thumb Code     0  startup_lpc17xx.o(.text)
    RTC_IRQHandler                           0x000000fb   Thumb Code     0  startup_lpc17xx.o(.text)
    SPI_IRQHandler                           0x000000fb   Thumb Code     0  startup_lpc17xx.o(.text)
    SSP0_IRQHandler                          0x000000fb   Thumb Code     0  startup_lpc17xx.o(.text)
    SSP1_IRQHandler                          0x000000fb   Thumb Code     0  startup_lpc17xx.o(.text)
    TIMER0_IRQHandler                        0x000000fb   Thumb Code     0  startup_lpc17xx.o(.text)
    TIMER1_IRQHandler                        0x000000fb   Thumb Code     0  startup_lpc17xx.o(.text)
    TIMER2_IRQHandler                        0x000000fb   Thumb Code     0  startup_lpc17xx.o(.text)
    TIMER3_IRQHandler                        0x000000fb   Thumb Code     0  startup_lpc17xx.o(.text)
    UART2_IRQHandler                         0x000000fb   Thumb Code     0  startup_lpc17xx.o(.text)
    UART3_IRQHandler                         0x000000fb   Thumb Code     0  startup_lpc17xx.o(.text)
    USBActivity_IRQHandler                   0x000000fb   Thumb Code     0  startup_lpc17xx.o(.text)
    USB_IRQHandler                           0x000000fb   Thumb Code     0  startup_lpc17xx.o(.text)
    WDT_IRQHandler                           0x000000fb   Thumb Code     0  startup_lpc17xx.o(.text)
    SVC_Handler                              0x00000105   Thumb Code   108  irq_cm3.o(.text)
    PendSV_Handler                           0x00000171   Thumb Code    16  irq_cm3.o(.text)
    SysTick_Handler                          0x00000181   Thumb Code    16  irq_cm3.o(.text)
    rand                                     0x00000199   Thumb Code    20  rand.o(.text)
    srand                                    0x000001ad   Thumb Code     6  rand.o(.text)
    __aeabi_memcpy                           0x000001bd   Thumb Code    36  memcpya.o(.text)
    __aeabi_memcpy4                          0x000001bd   Thumb Code     0  memcpya.o(.text)
    __aeabi_memcpy8                          0x000001bd   Thumb Code     0  memcpya.o(.text)
    __aeabi_memset                           0x000001e1   Thumb Code    14  memseta.o(.text)
    __aeabi_memset4                          0x000001e1   Thumb Code     0  memseta.o(.text)
    __aeabi_memset8                          0x000001e1   Thumb Code     0  memseta.o(.text)
    __aeabi_memclr                           0x000001ef   Thumb Code     4  memseta.o(.text)
    __aeabi_memclr4                          0x000001ef   Thumb Code     0  memseta.o(.text)
    __aeabi_memclr8                          0x000001ef   Thumb Code     0  memseta.o(.text)
    _memset$wrapper                          0x000001f3   Thumb Code    18  memseta.o(.text)
    __aeabi_uidiv                            0x00000205   Thumb Code     0  uidiv.o(.text)
    __aeabi_uidivmod                         0x00000205   Thumb Code    44  uidiv.o(.text)
    __scatterload                            0x00000231   Thumb Code    28  init.o(.text)
    __scatterload_rt2                        0x00000231   Thumb Code     0  init.o(.text)
    __decompress                             0x00000255   Thumb Code     0  __dczerorl.o(.text)
    __decompress0                            0x00000255   Thumb Code    58  __dczerorl.o(.text)
    __scatterload_null                       0x000002fb   Thumb Code     2  handlers.o(i.__scatterload_null)
    OS_Tick_AcknowledgeIRQ                   0x00000365   Thumb Code    12  os_systick.o(.text.OS_Tick_AcknowledgeIRQ)
    OS_Tick_Enable                           0x00000371   Thumb Code    44  os_systick.o(.text.OS_Tick_Enable)
    OS_Tick_GetCount                         0x0000039d   Thumb Code    16  os_systick.o(.text.OS_Tick_GetCount)
    OS_Tick_GetIRQn                          0x000003ad   Thumb Code     6  os_systick.o(.text.OS_Tick_GetIRQn)
    OS_Tick_GetInterval                      0x000003b5   Thumb Code    12  os_systick.o(.text.OS_Tick_GetInterval)
    OS_Tick_GetOverflow                      0x000003c1   Thumb Code    16  os_systick.o(.text.OS_Tick_GetOverflow)
    OS_Tick_Setup                            0x000003d1   Thumb Code    64  os_systick.o(.text.OS_Tick_Setup)
    osDelay                                  0x000004cd   Thumb Code    36  rtx_delay.o(.text.osDelay)
    osKernelGetSysTimerCount                 0x000004f1   Thumb Code    36  rtx_kernel.o(.text.osKernelGetSysTimerCount)
    osKernelGetTickFreq                      0x00000515   Thumb Code    40  rtx_kernel.o(.text.osKernelGetTickFreq)
    osKernelInitialize                       0x0000053d   Thumb Code    36  rtx_kernel.o(.text.osKernelInitialize)
    osKernelStart                            0x00000561   Thumb Code    36  rtx_kernel.o(.text.osKernelStart)
    osMessageQueueGet                        0x00000585   Thumb Code   112  rtx_msgqueue.o(.text.osMessageQueueGet)
    osMessageQueueNew                        0x000005f5   Thumb Code    36  rtx_msgqueue.o(.text.osMessageQueueNew)
    osMessageQueuePut                        0x00000619   Thumb Code   128  rtx_msgqueue.o(.text.osMessageQueuePut)
    osMutexAcquire                           0x00000699   Thumb Code    36  rtx_mutex.o(.text.osMutexAcquire)
    osMutexNew                               0x000006bd   Thumb Code    36  rtx_mutex.o(.text.osMutexNew)
    osMutexRelease                           0x000006e1   Thumb Code    36  rtx_mutex.o(.text.osMutexRelease)
    osRtxMemoryAlloc                         0x00000705   Thumb Code   128  rtx_memory.o(.text.osRtxMemoryAlloc)
    osRtxMemoryFree                          0x00000785   Thumb Code    82  rtx_memory.o(.text.osRtxMemoryFree)
    osRtxMemoryInit                          0x000007d7   Thumb Code    54  rtx_memory.o(.text.osRtxMemoryInit)
    osRtxMemoryPoolAlloc                     0x0000080d   Thumb Code    74  rtx_mempool.o(.text.osRtxMemoryPoolAlloc)
    osRtxMemoryPoolFree                      0x00000857   Thumb Code    86  rtx_mempool.o(.text.osRtxMemoryPoolFree)
    osRtxMemoryPoolInit                      0x000008ad   Thumb Code    84  rtx_mempool.o(.text.osRtxMemoryPoolInit)
    osRtxMutexOwnerRelease                   0x000009d7   Thumb Code    68  rtx_mutex.o(.text.osRtxMutexOwnerRelease)
    osRtxPendSV_Handler                      0x00000a1d   Thumb Code   144  rtx_system.o(.text.osRtxPendSV_Handler)
    osRtxPostProcess                         0x00000aad   Thumb Code   116  rtx_system.o(.text.osRtxPostProcess)
    osRtxThreadDelayTick                     0x00000c45   Thumb Code    56  rtx_thread.o(.text.osRtxThreadDelayTick)
    osRtxThreadDispatch                      0x00000c7d   Thumb Code    96  rtx_thread.o(.text.osRtxThreadDispatch)
    osRtxThreadListGet                       0x00000d35   Thumb Code    22  rtx_thread.o(.text.osRtxThreadListGet)
    osRtxThreadListPut                       0x00000d4b   Thumb Code    56  rtx_thread.o(.text.osRtxThreadListPut)
    osRtxThreadListRemove                    0x00000d83   Thumb Code    20  rtx_thread.o(.text.osRtxThreadListRemove)
    osRtxThreadListSort                      0x00000d97   Thumb Code    40  rtx_thread.o(.text.osRtxThreadListSort)
    osRtxThreadReadyPut                      0x00000de9   Thumb Code    20  rtx_thread.o(.text.osRtxThreadReadyPut)
    osRtxThreadRegPtr                        0x00000dfd   Thumb Code     6  rtx_thread.o(.text.osRtxThreadRegPtr)
    osRtxThreadStackCheck                    0x00000e05   Thumb Code    40  rtx_thread.o(.text.osRtxThreadStackCheck)
    osRtxThreadStartup                       0x00000e2d   Thumb Code    88  rtx_thread.o(.text.osRtxThreadStartup)
    osRtxThreadSwitch                        0x00000e85   Thumb Code    16  rtx_thread.o(.text.osRtxThreadSwitch)
    osRtxThreadWaitEnter                     0x00000e95   Thumb Code    56  rtx_thread.o(.text.osRtxThreadWaitEnter)
    osRtxThreadWaitExit                      0x00000ecd   Thumb Code    36  rtx_thread.o(.text.osRtxThreadWaitExit)
    osRtxTick_Handler                        0x00000ef1   Thumb Code   112  rtx_system.o(.text.osRtxTick_Handler)
    osRtxTimerThread                         0x00000f61   Thumb Code    68  rtx_timer.o(.text.osRtxTimerThread)
    osThreadExit                             0x00000ffd   Thumb Code    12  rtx_thread.o(.text.osThreadExit)
    osThreadNew                              0x00001009   Thumb Code    36  rtx_thread.o(.text.osThreadNew)
    osThreadYield                            0x0000102d   Thumb Code    36  rtx_thread.o(.text.osThreadYield)
    Free                                     0x000019cd   Thumb Code     6  uart.o(i.Free)
    FreeRcv                                  0x000019d5   Thumb Code    28  uart.o(i.FreeRcv)
    FreeSnd                                  0x000019f9   Thumb Code    28  uart.o(i.FreeSnd)
    GLCD_Bitmap                              0x00001a1d   Thumb Code    82  glcd_spi_lpc1700.o(i.GLCD_Bitmap)
    GLCD_Clear                               0x00001a6f   Thumb Code    42  glcd_spi_lpc1700.o(i.GLCD_Clear)
    GLCD_DisplayChar                         0x00001a99   Thumb Code    84  glcd_spi_lpc1700.o(i.GLCD_DisplayChar)
    GLCD_DisplayString                       0x00001af5   Thumb Code    40  glcd_spi_lpc1700.o(i.GLCD_DisplayString)
    GLCD_DrawChar                            0x00001b1d   Thumb Code   150  glcd_spi_lpc1700.o(i.GLCD_DrawChar)
    GLCD_Init                                0x00001bb9   Thumb Code  1506  glcd_spi_lpc1700.o(i.GLCD_Init)
    GLCD_SetBackColor                        0x000021a1   Thumb Code     6  glcd_spi_lpc1700.o(i.GLCD_SetBackColor)
    GLCD_SetTextColor                        0x000021ad   Thumb Code     6  glcd_spi_lpc1700.o(i.GLCD_SetTextColor)
    GLCD_SetWindow                           0x000021b9   Thumb Code   168  glcd_spi_lpc1700.o(i.GLCD_SetWindow)
    GLCD_WindowMax                           0x00002265   Thumb Code    18  glcd_spi_lpc1700.o(i.GLCD_WindowMax)
    SystemInit                               0x00002279   Thumb Code   302  system_lpc17xx.o(i.SystemInit)
    UART0_IRQHandler                         0x000023b9   Thumb Code    88  uart.o(i.UART0_IRQHandler)
    UART1_IRQHandler                         0x00002421   Thumb Code    90  uart.o(i.UART1_IRQHandler)
    UARTInit                                 0x00002491   Thumb Code   176  uart.o(i.UARTInit)
    UARTSendChar                             0x0000254d   Thumb Code    26  uart.o(i.UARTSendChar)
    __0printf$6                              0x00002571   Thumb Code    22  printf6.o(i.__0printf$6)
    __1printf$6                              0x00002571   Thumb Code     0  printf6.o(i.__0printf$6)
    __2printf                                0x00002571   Thumb Code     0  printf6.o(i.__0printf$6)
    __0sprintf$6                             0x00002591   Thumb Code    34  printf6.o(i.__0sprintf$6)
    __1sprintf$6                             0x00002591   Thumb Code     0  printf6.o(i.__0sprintf$6)
    __2sprintf                               0x00002591   Thumb Code     0  printf6.o(i.__0sprintf$6)
    __scatterload_copy                       0x000025d3   Thumb Code    14  handlers.o(i.__scatterload_copy)
    __scatterload_zeroinit                   0x000025e1   Thumb Code    14  handlers.o(i.__scatterload_zeroinit)
    checkGameOver                            0x0000293d   Thumb Code   126  main.o(i.checkGameOver)
    coordInSnake                             0x000029e5   Thumb Code    40  main.o(i.coordInSnake)
    createBodyNode                           0x00002a11   Thumb Code    34  main.o(i.createBodyNode)
    deleteSnake                              0x00002a61   Thumb Code    48  main.o(i.deleteSnake)
    dequeue                                  0x00002a95   Thumb Code    36  main.o(i.dequeue)
    dirSwitch                                0x00002abd   Thumb Code    60  main.o(i.dirSwitch)
    enqueue                                  0x00002afd   Thumb Code    30  main.o(i.enqueue)
    fputc                                    0x00002b21   Thumb Code    14  retarget.o(i.fputc)
    free                                     0x00002b31   Thumb Code    76  malloc.o(i.free)
    getFrequency                             0x00002b81   Thumb Code    62  uart.o(i.getFrequency)
    getJoyData                               0x00002bc9   Thumb Code   130  main.o(i.getJoyData)
    getNextCoord                             0x00002c51   Thumb Code   166  main.o(i.getNextCoord)
    getRandCoord                             0x00002d01   Thumb Code   100  main.o(i.getRandCoord)
    main                                     0x00002d65   Thumb Code   180  main.o(i.main)
    malloc                                   0x00002e3d   Thumb Code    92  malloc.o(i.malloc)
    mapSnake                                 0x00002ea9   Thumb Code   150  main.o(i.mapSnake)
    moveSnake                                0x00002f5d   Thumb Code    34  main.o(i.moveSnake)
    osRtxErrorNotify                         0x00002f89   Thumb Code    32  rtx_config.o(i.osRtxErrorNotify)
    osRtxIdleThread                          0x00002fa9   Thumb Code     4  rtx_config.o(i.osRtxIdleThread)
    placeNewSnack                            0x00002fad   Thumb Code    84  main.o(i.placeNewSnack)
    pushButtonPause                          0x00003015   Thumb Code    42  main.o(i.pushButtonPause)
    readJoystick                             0x0000311d   Thumb Code    34  main.o(i.readJoystick)
    resetSnake                               0x00003149   Thumb Code   100  main.o(i.resetSnake)
    runPushButton                            0x000031c5   Thumb Code    24  main.o(i.runPushButton)
    sendchar                                 0x000031e1   Thumb Code    64  retarget.o(i.sendchar)
    setLED                                   0x00003225   Thumb Code   108  main.o(i.setLED)
    updateLocation                           0x00003335   Thumb Code   146  main.o(i.updateLocation)
    Font_6x8_h                               0x00003474   Data         896  glcd_spi_lpc1700.o(.constdata)
    Font_16x24_h                             0x000037f4   Data        5376  glcd_spi_lpc1700.o(.constdata)
    UP                                       0x000053ff   Data           1  main.o(.constdata)
    DOWN                                     0x00005400   Data           1  main.o(.constdata)
    LEFT                                     0x00005401   Data           1  main.o(.constdata)
    RIGHT                                    0x00005402   Data           1  main.o(.constdata)
    BLOCK_SIZE                               0x00005404   Data           4  main.o(.constdata)
    osRtxUserSVC                             0x00005468   Data           4  rtx_lib.o(.constdata)
    osRtxConfig                              0x0000546c   Data         104  rtx_lib.o(.rodata)
    Region$$Table$$Base                      0x000054e0   Number         0  anon$$obj.o(Region$$Table)
    Region$$Table$$Limit                     0x00005500   Number         0  anon$$obj.o(Region$$Table)
    .bss.os.msgqueue.cb$$Base                0x10001040   Number         0  rtx_lib.o(.bss.os.msgqueue.cb)
    .bss.os.msgqueue.cb$$Limit               0x10001074   Number         0  rtx_lib.o(.bss.os.msgqueue.cb)
    .bss.os.thread.cb$$Base                  0x100010c4   Number         0  rtx_lib.o(.bss.os.thread.cb)
    .bss.os.thread.cb$$Limit                 0x1000114c   Number         0  rtx_lib.o(.bss.os.thread.cb)
    LIVES                                    0x10001458   Data           4  main.o(.data)
    CUR_DIR                                  0x1000145c   Data           1  main.o(.data)
    SNACK_COORD                              0x10001460   Data           8  main.o(.data)
    TAIL_COORD                               0x10001468   Data           8  main.o(.data)
    snakeMutex                               0x10001470   Data           4  main.o(.data)
    SNACK_COUNT                              0x10001474   Data           4  main.o(.data)
    SET_NEW_TAIL                             0x10001478   Data           4  main.o(.data)
    DEATH_FLAG                               0x1000147c   Data           4  main.o(.data)
    GAME_OVER                                0x10001480   Data           4  main.o(.data)
    PAUSED                                   0x10001484   Data           4  main.o(.data)
    start                                    0x10001488   Data           8  main.o(.data)
    initialize_game_snake                    0x10001490   Data          16  main.o(.data)
    game_snake                               0x100014a0   Data           4  main.o(.data)
    uart_init_called                         0x100014a4   Data           1  retarget.o(.data)
    __stdout                                 0x100014a8   Data           4  retarget.o(.data)
    __stdin                                  0x100014ac   Data           4  retarget.o(.data)
    ITM_RxBuffer                             0x100014b0   Data           4  uart.o(.data)
    UART0Status                              0x100014b4   Data           4  uart.o(.data)
    UART1Status                              0x100014b8   Data           4  uart.o(.data)
    UART0TxEmpty                             0x100014bc   Data           1  uart.o(.data)
    UART1TxEmpty                             0x100014bd   Data           1  uart.o(.data)
    UART0Count                               0x100014c0   Data           4  uart.o(.data)
    UART1Count                               0x100014c4   Data           4  uart.o(.data)
    RcvLock0                                 0x100014c8   Data           1  uart.o(.data)
    SndLock0                                 0x100014c9   Data           1  uart.o(.data)
    RcvLock1                                 0x100014ca   Data           1  uart.o(.data)
    SndLock1                                 0x100014cb   Data           1  uart.o(.data)
    i                                        0x100014cc   Data           4  uart.o(.data)
    SystemCoreClock                          0x100014d0   Data           4  system_lpc17xx.o(.data)
    __microlib_freelist                      0x100014d8   Data           4  mvars.o(.data)
    __microlib_freelist_initialised          0x100014dc   Data           4  mvars.o(.data)
    osRtxInfo                                0x100014e0   Data         164  rtx_kernel.o(.data.os)
    UART0Buffer                              0x10001584   Data          64  uart.o(.bss)
    UART1Buffer                              0x100015c4   Data          64  uart.o(.bss)
    __heap_base                              0x10001608   Data           0  startup_lpc17xx.o(HEAP)
    __heap_limit                             0x10003608   Data           0  startup_lpc17xx.o(HEAP)
    __initial_sp                             0x10005608   Data           0  startup_lpc17xx.o(STACK)



==============================================================================

Memory Map of the image

  Image Entry point : 0x000000e1

  Load Region LR_1 (Base: 0x00000000, Size: 0x00006a84, Max: 0xffffffff, ABSOLUTE, COMPRESSED[0x00005558])

    Execution Region ER_RO (Exec base: 0x00000000, Load base: 0x00000000, Size: 0x00005500, Max: 0xffffffff, ABSOLUTE)

    Exec Addr    Load Addr    Size         Type   Attr      Idx    E Section Name        Object

    0x00000000   0x00000000   0x000000cc   Data   RO          738    RESET               startup_lpc17xx.o
    0x000000cc   0x000000cc   0x00000000   Code   RO         1264  * .ARM.Collect$$$$00000000  mc_w.l(entry.o)
    0x000000cc   0x000000cc   0x00000004   Code   RO         1567    .ARM.Collect$$$$00000001  mc_w.l(entry2.o)
    0x000000d0   0x000000d0   0x00000004   Code   RO         1570    .ARM.Collect$$$$00000004  mc_w.l(entry5.o)
    0x000000d4   0x000000d4   0x00000000   Code   RO         1572    .ARM.Collect$$$$00000008  mc_w.l(entry7b.o)
    0x000000d4   0x000000d4   0x00000000   Code   RO         1574    .ARM.Collect$$$$0000000A  mc_w.l(entry8b.o)
    0x000000d4   0x000000d4   0x00000008   Code   RO         1575    .ARM.Collect$$$$0000000B  mc_w.l(entry9a.o)
    0x000000dc   0x000000dc   0x00000000   Code   RO         1577    .ARM.Collect$$$$0000000D  mc_w.l(entry10a.o)
    0x000000dc   0x000000dc   0x00000000   Code   RO         1579    .ARM.Collect$$$$0000000F  mc_w.l(entry11a.o)
    0x000000dc   0x000000dc   0x00000004   Code   RO         1568    .ARM.Collect$$$$00002712  mc_w.l(entry2.o)
    0x000000e0   0x000000e0   0x00000024   Code   RO          740  * .text               startup_lpc17xx.o
    0x00000104   0x00000104   0x00000094   Code   RO         1039    .text               RTX_CM3.lib(irq_cm3.o)
    0x00000198   0x00000198   0x00000024   Code   RO         1269    .text               mc_w.l(rand.o)
    0x000001bc   0x000001bc   0x00000024   Code   RO         1272    .text               mc_w.l(memcpya.o)
    0x000001e0   0x000001e0   0x00000024   Code   RO         1274    .text               mc_w.l(memseta.o)
    0x00000204   0x00000204   0x0000002c   Code   RO         1581    .text               mc_w.l(uidiv.o)
    0x00000230   0x00000230   0x00000024   Code   RO         1600    .text               mc_w.l(init.o)
    0x00000254   0x00000254   0x0000003a   Code   RO         1614    .text               mc_w.l(__dczerorl.o)
    0x0000028e   0x0000028e   0x00000046   Code   RO         1246    .text.MessageQueueGet  RTX_CM3.lib(rtx_msgqueue.o)
    0x000002d4   0x000002d4   0x00000026   Code   RO         1238    .text.MessageQueueRemove  RTX_CM3.lib(rtx_msgqueue.o)
    0x000002fa   0x000002fa   0x00000002   Code   RO         1609    i.__scatterload_null  mc_w.l(handlers.o)
    0x000002fc   0x000002fc   0x00000004   Code   RO          739    .ARM.__at_0x02FC    startup_lpc17xx.o
    0x00000300   0x00000300   0x00000064   Code   RO         1240    .text.MessageQueuePut  RTX_CM3.lib(rtx_msgqueue.o)
    0x00000364   0x00000364   0x0000000c   Code   RO         1182    .text.OS_Tick_AcknowledgeIRQ  RTX_CM3.lib(os_systick.o)
    0x00000370   0x00000370   0x0000002c   Code   RO         1178    .text.OS_Tick_Enable  RTX_CM3.lib(os_systick.o)
    0x0000039c   0x0000039c   0x00000010   Code   RO         1190    .text.OS_Tick_GetCount  RTX_CM3.lib(os_systick.o)
    0x000003ac   0x000003ac   0x00000006   Code   RO         1184    .text.OS_Tick_GetIRQn  RTX_CM3.lib(os_systick.o)
    0x000003b2   0x000003b2   0x00000002   PAD
    0x000003b4   0x000003b4   0x0000000c   Code   RO         1188    .text.OS_Tick_GetInterval  RTX_CM3.lib(os_systick.o)
    0x000003c0   0x000003c0   0x00000010   Code   RO         1192    .text.OS_Tick_GetOverflow  RTX_CM3.lib(os_systick.o)
    0x000003d0   0x000003d0   0x00000040   Code   RO         1176    .text.OS_Tick_Setup  RTX_CM3.lib(os_systick.o)
    0x00000410   0x00000410   0x0000006a   Code   RO          926    .text.ThreadFlagsCheck  RTX_CM3.lib(rtx_thread.o)
    0x0000047a   0x0000047a   0x00000002   PAD
    0x0000047c   0x0000047c   0x00000050   Code   RO         1060    .text.TimerInsert   RTX_CM3.lib(rtx_timer.o)
    0x000004cc   0x000004cc   0x00000024   Code   RO          983    .text.osDelay       RTX_CM3.lib(rtx_delay.o)
    0x000004f0   0x000004f0   0x00000024   Code   RO          813    .text.osKernelGetSysTimerCount  RTX_CM3.lib(rtx_kernel.o)
    0x00000514   0x00000514   0x00000028   Code   RO          809    .text.osKernelGetTickFreq  RTX_CM3.lib(rtx_kernel.o)
    0x0000053c   0x0000053c   0x00000024   Code   RO          783    .text.osKernelInitialize  RTX_CM3.lib(rtx_kernel.o)
    0x00000560   0x00000560   0x00000024   Code   RO          793    .text.osKernelStart  RTX_CM3.lib(rtx_kernel.o)
    0x00000584   0x00000584   0x00000070   Code   RO         1212    .text.osMessageQueueGet  RTX_CM3.lib(rtx_msgqueue.o)
    0x000005f4   0x000005f4   0x00000024   Code   RO         1206    .text.osMessageQueueNew  RTX_CM3.lib(rtx_msgqueue.o)
    0x00000618   0x00000618   0x00000080   Code   RO         1210    .text.osMessageQueuePut  RTX_CM3.lib(rtx_msgqueue.o)
    0x00000698   0x00000698   0x00000024   Code   RO         1008    .text.osMutexAcquire  RTX_CM3.lib(rtx_mutex.o)
    0x000006bc   0x000006bc   0x00000024   Code   RO         1004    .text.osMutexNew    RTX_CM3.lib(rtx_mutex.o)
    0x000006e0   0x000006e0   0x00000024   Code   RO         1010    .text.osMutexRelease  RTX_CM3.lib(rtx_mutex.o)
    0x00000704   0x00000704   0x00000080   Code   RO         1089    .text.osRtxMemoryAlloc  RTX_CM3.lib(rtx_memory.o)
    0x00000784   0x00000784   0x00000052   Code   RO         1091    .text.osRtxMemoryFree  RTX_CM3.lib(rtx_memory.o)
    0x000007d6   0x000007d6   0x00000036   Code   RO         1087    .text.osRtxMemoryInit  RTX_CM3.lib(rtx_memory.o)
    0x0000080c   0x0000080c   0x0000004a   Code   RO         1106    .text.osRtxMemoryPoolAlloc  RTX_CM3.lib(rtx_mempool.o)
    0x00000856   0x00000856   0x00000056   Code   RO         1108    .text.osRtxMemoryPoolFree  RTX_CM3.lib(rtx_mempool.o)
    0x000008ac   0x000008ac   0x00000054   Code   RO         1104    .text.osRtxMemoryPoolInit  RTX_CM3.lib(rtx_mempool.o)
    0x00000900   0x00000900   0x000000d6   Code   RO         1236    .text.osRtxMessageQueuePostProcess  RTX_CM3.lib(rtx_msgqueue.o)
    0x000009d6   0x000009d6   0x00000044   Code   RO         1002    .text.osRtxMutexOwnerRelease  RTX_CM3.lib(rtx_mutex.o)
    0x00000a1a   0x00000a1a   0x00000002   PAD
    0x00000a1c   0x00000a1c   0x00000090   Code   RO         1161    .text.osRtxPendSV_Handler  RTX_CM3.lib(rtx_system.o)
    0x00000aac   0x00000aac   0x00000074   Code   RO         1163    .text.osRtxPostProcess  RTX_CM3.lib(rtx_system.o)
    0x00000b20   0x00000b20   0x00000038   Code   RO          868    .text.osRtxThreadBlock  RTX_CM3.lib(rtx_thread.o)
    0x00000b58   0x00000b58   0x00000094   Code   RO          876    .text.osRtxThreadDelayInsert  RTX_CM3.lib(rtx_thread.o)
    0x00000bec   0x00000bec   0x00000058   Code   RO          872    .text.osRtxThreadDelayRemove  RTX_CM3.lib(rtx_thread.o)
    0x00000c44   0x00000c44   0x00000038   Code   RO          858    .text.osRtxThreadDelayTick  RTX_CM3.lib(rtx_thread.o)
    0x00000c7c   0x00000c7c   0x00000060   Code   RO          866    .text.osRtxThreadDispatch  RTX_CM3.lib(rtx_thread.o)
    0x00000cdc   0x00000cdc   0x00000058   Code   RO          952    .text.osRtxThreadFree  RTX_CM3.lib(rtx_thread.o)
    0x00000d34   0x00000d34   0x00000016   Code   RO          850    .text.osRtxThreadListGet  RTX_CM3.lib(rtx_thread.o)
    0x00000d4a   0x00000d4a   0x00000038   Code   RO          848    .text.osRtxThreadListPut  RTX_CM3.lib(rtx_thread.o)
    0x00000d82   0x00000d82   0x00000014   Code   RO          854    .text.osRtxThreadListRemove  RTX_CM3.lib(rtx_thread.o)
    0x00000d96   0x00000d96   0x00000028   Code   RO          852    .text.osRtxThreadListSort  RTX_CM3.lib(rtx_thread.o)
    0x00000dbe   0x00000dbe   0x0000002a   Code   RO          924    .text.osRtxThreadPostProcess  RTX_CM3.lib(rtx_thread.o)
    0x00000de8   0x00000de8   0x00000014   Code   RO          856    .text.osRtxThreadReadyPut  RTX_CM3.lib(rtx_thread.o)
    0x00000dfc   0x00000dfc   0x00000006   Code   RO          860    .text.osRtxThreadRegPtr  RTX_CM3.lib(rtx_thread.o)
    0x00000e02   0x00000e02   0x00000002   PAD
    0x00000e04   0x00000e04   0x00000028   Code   RO          864    .text.osRtxThreadStackCheck  RTX_CM3.lib(rtx_thread.o)
    0x00000e2c   0x00000e2c   0x00000058   Code   RO          878    .text.osRtxThreadStartup  RTX_CM3.lib(rtx_thread.o)
    0x00000e84   0x00000e84   0x00000010   Code   RO          862    .text.osRtxThreadSwitch  RTX_CM3.lib(rtx_thread.o)
    0x00000e94   0x00000e94   0x00000038   Code   RO          874    .text.osRtxThreadWaitEnter  RTX_CM3.lib(rtx_thread.o)
    0x00000ecc   0x00000ecc   0x00000024   Code   RO          870    .text.osRtxThreadWaitExit  RTX_CM3.lib(rtx_thread.o)
    0x00000ef0   0x00000ef0   0x00000070   Code   RO         1159    .text.osRtxTick_Handler  RTX_CM3.lib(rtx_system.o)
    0x00000f60   0x00000f60   0x00000044   Code   RO         1044    .text.osRtxTimerThread  RTX_CM3.lib(rtx_timer.o)
    0x00000fa4   0x00000fa4   0x00000058   Code   RO         1046    .text.osRtxTimerTick  RTX_CM3.lib(rtx_timer.o)
    0x00000ffc   0x00000ffc   0x0000000c   Code   RO          908    .text.osThreadExit  RTX_CM3.lib(rtx_thread.o)
    0x00001008   0x00001008   0x00000024   Code   RO          882    .text.osThreadNew   RTX_CM3.lib(rtx_thread.o)
    0x0000102c   0x0000102c   0x00000024   Code   RO          898    .text.osThreadYield  RTX_CM3.lib(rtx_thread.o)
    0x00001050   0x00001050   0x00000014   Code   RO          987    .text.svcRtxDelay   RTX_CM3.lib(rtx_delay.o)
    0x00001064   0x00001064   0x00000028   Code   RO          815    .text.svcRtxKernelGetSysTimerCount  RTX_CM3.lib(rtx_kernel.o)
    0x0000108c   0x0000108c   0x0000000c   Code   RO          811    .text.svcRtxKernelGetTickFreq  RTX_CM3.lib(rtx_kernel.o)
    0x00001098   0x00001098   0x00000178   Code   RO          821    .text.svcRtxKernelInitialize  RTX_CM3.lib(rtx_kernel.o)
    0x00001210   0x00001210   0x0000008c   Code   RO          823    .text.svcRtxKernelStart  RTX_CM3.lib(rtx_kernel.o)
    0x0000129c   0x0000129c   0x000000f0   Code   RO         1248    .text.svcRtxMessageQueueGet  RTX_CM3.lib(rtx_msgqueue.o)
    0x0000138c   0x0000138c   0x00000138   Code   RO         1234    .text.svcRtxMessageQueueNew  RTX_CM3.lib(rtx_msgqueue.o)
    0x000014c4   0x000014c4   0x000000c8   Code   RO         1244    .text.svcRtxMessageQueuePut  RTX_CM3.lib(rtx_msgqueue.o)
    0x0000158c   0x0000158c   0x00000098   Code   RO         1020    .text.svcRtxMutexAcquire  RTX_CM3.lib(rtx_mutex.o)
    0x00001624   0x00001624   0x0000006c   Code   RO         1016    .text.svcRtxMutexNew  RTX_CM3.lib(rtx_mutex.o)
    0x00001690   0x00001690   0x000000bc   Code   RO         1022    .text.svcRtxMutexRelease  RTX_CM3.lib(rtx_mutex.o)
    0x0000174c   0x0000174c   0x00000068   Code   RO          956    .text.svcRtxThreadExit  RTX_CM3.lib(rtx_thread.o)
    0x000017b4   0x000017b4   0x000001e0   Code   RO          880    .text.svcRtxThreadNew  RTX_CM3.lib(rtx_thread.o)
    0x00001994   0x00001994   0x00000038   Code   RO          942    .text.svcRtxThreadYield  RTX_CM3.lib(rtx_thread.o)
    0x000019cc   0x000019cc   0x00000006   Code   RO          547    i.Free              uart.o
    0x000019d2   0x000019d2   0x00000002   PAD
    0x000019d4   0x000019d4   0x00000024   Code   RO          548    i.FreeRcv           uart.o
    0x000019f8   0x000019f8   0x00000024   Code   RO          549    i.FreeSnd           uart.o
    0x00001a1c   0x00001a1c   0x00000052   Code   RO          143    i.GLCD_Bitmap       glcd_spi_lpc1700.o
    0x00001a6e   0x00001a6e   0x0000002a   Code   RO          144    i.GLCD_Clear        glcd_spi_lpc1700.o
    0x00001a98   0x00001a98   0x0000005c   Code   RO          146    i.GLCD_DisplayChar  glcd_spi_lpc1700.o
    0x00001af4   0x00001af4   0x00000028   Code   RO          147    i.GLCD_DisplayString  glcd_spi_lpc1700.o
    0x00001b1c   0x00001b1c   0x0000009c   Code   RO          148    i.GLCD_DrawChar     glcd_spi_lpc1700.o
    0x00001bb8   0x00001bb8   0x000005e8   Code   RO          149    i.GLCD_Init         glcd_spi_lpc1700.o
    0x000021a0   0x000021a0   0x0000000c   Code   RO          152    i.GLCD_SetBackColor  glcd_spi_lpc1700.o
    0x000021ac   0x000021ac   0x0000000c   Code   RO          153    i.GLCD_SetTextColor  glcd_spi_lpc1700.o
    0x000021b8   0x000021b8   0x000000ac   Code   RO          154    i.GLCD_SetWindow    glcd_spi_lpc1700.o
    0x00002264   0x00002264   0x00000012   Code   RO          155    i.GLCD_WindowMax    glcd_spi_lpc1700.o
    0x00002276   0x00002276   0x00000002   PAD
    0x00002278   0x00002278   0x00000140   Code   RO          750    i.SystemInit        system_lpc17xx.o
    0x000023b8   0x000023b8   0x00000068   Code   RO          553    i.UART0_IRQHandler  uart.o
    0x00002420   0x00002420   0x00000070   Code   RO          554    i.UART1_IRQHandler  uart.o
    0x00002490   0x00002490   0x000000bc   Code   RO          555    i.UARTInit          uart.o
    0x0000254c   0x0000254c   0x00000024   Code   RO          559    i.UARTSendChar      uart.o
    0x00002570   0x00002570   0x00000020   Code   RO         1433    i.__0printf$6       mc_w.l(printf6.o)
    0x00002590   0x00002590   0x00000028   Code   RO         1435    i.__0sprintf$6      mc_w.l(printf6.o)
    0x000025b8   0x000025b8   0x0000001a   Code   RO          560    i.__NVIC_EnableIRQ  uart.o
    0x000025d2   0x000025d2   0x0000000e   Code   RO         1608    i.__scatterload_copy  mc_w.l(handlers.o)
    0x000025e0   0x000025e0   0x0000000e   Code   RO         1610    i.__scatterload_zeroinit  mc_w.l(handlers.o)
    0x000025ee   0x000025ee   0x00000002   PAD
    0x000025f0   0x000025f0   0x000002f0   Code   RO         1440    i._printf_core      mc_w.l(printf6.o)
    0x000028e0   0x000028e0   0x00000024   Code   RO         1441    i._printf_post_padding  mc_w.l(printf6.o)
    0x00002904   0x00002904   0x0000002e   Code   RO         1442    i._printf_pre_padding  mc_w.l(printf6.o)
    0x00002932   0x00002932   0x0000000a   Code   RO         1444    i._sputc            mc_w.l(printf6.o)
    0x0000293c   0x0000293c   0x000000a8   Code   RO          331    i.checkGameOver     main.o
    0x000029e4   0x000029e4   0x0000002c   Code   RO          332    i.coordInSnake      main.o
    0x00002a10   0x00002a10   0x00000040   Code   RO          333    i.createBodyNode    main.o
    0x00002a50   0x00002a50   0x0000000e   Code   RO          158    i.delay             glcd_spi_lpc1700.o
    0x00002a5e   0x00002a5e   0x00000002   PAD
    0x00002a60   0x00002a60   0x00000034   Code   RO          334    i.deleteSnake       main.o
    0x00002a94   0x00002a94   0x00000028   Code   RO          335    i.dequeue           main.o
    0x00002abc   0x00002abc   0x00000040   Code   RO          336    i.dirSwitch         main.o
    0x00002afc   0x00002afc   0x00000024   Code   RO          337    i.enqueue           main.o
    0x00002b20   0x00002b20   0x0000000e   Code   RO          487    i.fputc             retarget.o
    0x00002b2e   0x00002b2e   0x00000002   PAD
    0x00002b30   0x00002b30   0x00000050   Code   RO         1539    i.free              mc_w.l(malloc.o)
    0x00002b80   0x00002b80   0x00000048   Code   RO          561    i.getFrequency      uart.o
    0x00002bc8   0x00002bc8   0x00000088   Code   RO          338    i.getJoyData        main.o
    0x00002c50   0x00002c50   0x000000b0   Code   RO          339    i.getNextCoord      main.o
    0x00002d00   0x00002d00   0x00000064   Code   RO          340    i.getRandCoord      main.o
    0x00002d64   0x00002d64   0x000000d8   Code   RO          341    i.main              main.o
    0x00002e3c   0x00002e3c   0x0000006c   Code   RO         1540    i.malloc            mc_w.l(malloc.o)
    0x00002ea8   0x00002ea8   0x000000b4   Code   RO          342    i.mapSnake          main.o
    0x00002f5c   0x00002f5c   0x0000002c   Code   RO          343    i.moveSnake         main.o
    0x00002f88   0x00002f88   0x00000020   Code   RO          705    i.osRtxErrorNotify  rtx_config.o
    0x00002fa8   0x00002fa8   0x00000004   Code   RO          706    i.osRtxIdleThread   rtx_config.o
    0x00002fac   0x00002fac   0x00000068   Code   RO          344    i.placeNewSnack     main.o
    0x00003014   0x00003014   0x00000034   Code   RO          345    i.pushButtonPause   main.o
    0x00003048   0x00003048   0x0000008c   Code   RO          159    i.rd_id_man         glcd_spi_lpc1700.o
    0x000030d4   0x000030d4   0x00000048   Code   RO          160    i.rd_reg            glcd_spi_lpc1700.o
    0x0000311c   0x0000311c   0x0000002c   Code   RO          346    i.readJoystick      main.o
    0x00003148   0x00003148   0x0000007c   Code   RO          347    i.resetSnake        main.o
    0x000031c4   0x000031c4   0x0000001c   Code   RO          348    i.runPushButton     main.o
    0x000031e0   0x000031e0   0x00000044   Code   RO          489    i.sendchar          retarget.o
    0x00003224   0x00003224   0x00000070   Code   RO          349    i.setLED            main.o
    0x00003294   0x00003294   0x00000020   Code   RO          161    i.spi_tran          glcd_spi_lpc1700.o
    0x000032b4   0x000032b4   0x00000080   Code   RO          162    i.spi_tran_man      glcd_spi_lpc1700.o
    0x00003334   0x00003334   0x000000a8   Code   RO          350    i.updateLocation    main.o
    0x000033dc   0x000033dc   0x00000028   Code   RO          163    i.wr_cmd            glcd_spi_lpc1700.o
    0x00003404   0x00003404   0x00000028   Code   RO          164    i.wr_dat            glcd_spi_lpc1700.o
    0x0000342c   0x0000342c   0x00000012   Code   RO          165    i.wr_dat_only       glcd_spi_lpc1700.o
    0x0000343e   0x0000343e   0x00000002   PAD
    0x00003440   0x00003440   0x00000014   Code   RO          166    i.wr_dat_start      glcd_spi_lpc1700.o
    0x00003454   0x00003454   0x0000000c   Code   RO          167    i.wr_dat_stop       glcd_spi_lpc1700.o
    0x00003460   0x00003460   0x00000014   Code   RO          168    i.wr_reg            glcd_spi_lpc1700.o
    0x00003474   0x00003474   0x00001880   Data   RO          169    .constdata          glcd_spi_lpc1700.o
    0x00004cf4   0x00004cf4   0x00000714   Data   RO          351    .constdata          main.o
    0x00005408   0x00005408   0x00000064   Data   RO          668    .constdata          rtx_lib.o
    0x0000546c   0x0000546c   0x00000068   Data   RO          670    .rodata             rtx_lib.o
    0x000054d4   0x000054d4   0x0000000b   Data   RO          835    .rodata.str1.4      RTX_CM3.lib(rtx_kernel.o)
    0x000054df   0x000054df   0x00000001   PAD
    0x000054e0   0x000054e0   0x00000020   Data   RO         1606    Region$$Table       anon$$obj.o


    Execution Region ER_RW (Exec base: 0x10000000, Load base: 0x00005500, Size: 0x00001584, Max: 0xffffffff, ABSOLUTE, COMPRESSED[0x00000058])

    Exec Addr    Load Addr    Size         Type   Attr      Idx    E Section Name        Object

    0x10000000   COMPRESSED   0x00001040   Data   RW          663    .bss.os             rtx_lib.o
    0x10001040   COMPRESSED   0x00000034   Data   RW          664    .bss.os.msgqueue.cb  rtx_lib.o
    0x10001074   COMPRESSED   0x00000050   Data   RW          665    .bss.os.msgqueue.mem  rtx_lib.o
    0x100010c4   COMPRESSED   0x00000088   Data   RW          666    .bss.os.thread.cb   rtx_lib.o
    0x1000114c   COMPRESSED   0x00000004   PAD
    0x10001150   COMPRESSED   0x00000300   Data   RW          667    .bss.os.thread.stack  rtx_lib.o
    0x10001450   COMPRESSED   0x00000005   Data   RW          170    .data               glcd_spi_lpc1700.o
    0x10001455   COMPRESSED   0x00000003   PAD
    0x10001458   COMPRESSED   0x0000004c   Data   RW          352    .data               main.o
    0x100014a4   COMPRESSED   0x0000000c   Data   RW          490    .data               retarget.o
    0x100014b0   COMPRESSED   0x00000020   Data   RW          563    .data               uart.o
    0x100014d0   COMPRESSED   0x00000004   Data   RW          751    .data               system_lpc17xx.o
    0x100014d4   COMPRESSED   0x00000004   Data   RW         1270    .data               mc_w.l(rand.o)
    0x100014d8   COMPRESSED   0x00000004   Data   RW         1587    .data               mc_w.l(mvars.o)
    0x100014dc   COMPRESSED   0x00000004   Data   RW         1588    .data               mc_w.l(mvars.o)
    0x100014e0   COMPRESSED   0x000000a4   Data   RW          836    .data.os            RTX_CM3.lib(rtx_kernel.o)


    Execution Region ER_ZI (Exec base: 0x10001584, Load base: 0x00005558, Size: 0x00004084, Max: 0xffffffff, ABSOLUTE)

    Exec Addr    Load Addr    Size         Type   Attr      Idx    E Section Name        Object

    0x10001584        -       0x00000080   Zero   RW          562    .bss                uart.o
    0x10001604        -       0x00000001   Zero   RW         1194    .bss.PendST         RTX_CM3.lib(os_systick.o)
    0x10001605   0x00005558   0x00000003   PAD
    0x10001608        -       0x00002000   Zero   RW          737    HEAP                startup_lpc17xx.o
    0x10003608        -       0x00002000   Zero   RW          736    STACK               startup_lpc17xx.o


==============================================================================

Image component sizes


      Code (inc. data)   RO Data    RW Data    ZI Data      Debug   Object Name

         0          0          0          0          0       4556   glcd_scroll.o
      2674         94       6272          5          0      29811   glcd_spi_lpc1700.o
      1952        280       1812         76          0      14927   main.o
        82          4          0         12          0       2706   retarget.o
        36          6          0          0          0        893   rtx_config.o
         0          0        204       5196          0       8503   rtx_lib.o
        40         12        204          0      16384        924   startup_lpc17xx.o
       320         18          0          4          0        739   system_lpc17xx.o
       616         86          0         32        128      31947   uart.o

    ----------------------------------------------------------------------
      5730        500       8524       5332      16512      95006   Object Totals
         0          0         32          0          0          0   (incl. Generated)
        10          0          0          7          0          0   (incl. Padding)

    ----------------------------------------------------------------------

      Code (inc. data)   RO Data    RW Data    ZI Data      Debug   Library Member Name

       148         10          0          0          0        488   irq_cm3.o
       170         44          0          0          1       3575   os_systick.o
        56          4          0          0          0       3088   rtx_delay.o
       716         56         11        164          0      18714   rtx_kernel.o
       264          0          0          0          0       2707   rtx_memory.o
       244          0          0          0          0      15835   rtx_mempool.o
      1450         28          0          0          0      18606   rtx_msgqueue.o
       624         24          0          0          0      10258   rtx_mutex.o
       372         24          0          0          0       5544   rtx_system.o
      1804        100          0          0          0      33794   rtx_thread.o
       236         20          0          0          0      10983   rtx_timer.o
        58          0          0          0          0          0   __dczerorl.o
         0          0          0          0          0          0   entry.o
         0          0          0          0          0          0   entry10a.o
         0          0          0          0          0          0   entry11a.o
         8          4          0          0          0          0   entry2.o
         4          0          0          0          0          0   entry5.o
         0          0          0          0          0          0   entry7b.o
         0          0          0          0          0          0   entry8b.o
         8          4          0          0          0          0   entry9a.o
        30          0          0          0          0          0   handlers.o
        36          8          0          0          0         68   init.o
       188         20          0          0          0        160   malloc.o
        36          0          0          0          0         68   memcpya.o
        36          0          0          0          0        108   memseta.o
         0          0          0          8          0          0   mvars.o
       916         20          0          0          0        504   printf6.o
        36         10          0          4          0        136   rand.o
        44          0          0          0          0         80   uidiv.o

    ----------------------------------------------------------------------
      7494        376         12        176          4     124716   Library Totals
        10          0          1          0          3          0   (incl. Padding)

    ----------------------------------------------------------------------

      Code (inc. data)   RO Data    RW Data    ZI Data      Debug   Library Name

      6084        310         11        164          1     123592   RTX_CM3.lib
      1400         66          0         12          0       1124   mc_w.l

    ----------------------------------------------------------------------
      7494        376         12        176          4     124716   Library Totals

    ----------------------------------------------------------------------

==============================================================================


      Code (inc. data)   RO Data    RW Data    ZI Data      Debug   

     13224        876       8536       5508      16516     216534   Grand Totals
     13224        876       8536         88      16516     216534   ELF Image Totals (compressed)
     13224        876       8536         88          0          0   ROM Totals

==============================================================================

    Total RO  Size (Code + RO Data)                21760 (  21.25kB)
    Total RW  Size (RW Data + ZI Data)             22024 (  21.51kB)
    Total ROM Size (Code + RO Data + RW Data)      21848 (  21.34kB)

==============================================================================

